Component: Arm Compiler for Embedded 6.24 Tool: armlink [5f371500]

==============================================================================

Section Cross References

    startup_stm32f103xb.o(STACK) refers (Special) to heapauxi.o(.text) for __use_two_region_memory
    startup_stm32f103xb.o(HEAP) refers (Special) to heapauxi.o(.text) for __use_two_region_memory
    startup_stm32f103xb.o(RESET) refers (Special) to heapauxi.o(.text) for __use_two_region_memory
    startup_stm32f103xb.o(RESET) refers to startup_stm32f103xb.o(STACK) for __initial_sp
    startup_stm32f103xb.o(RESET) refers to startup_stm32f103xb.o(.text) for Reset_Handler
    startup_stm32f103xb.o(RESET) refers to stm32f1xx_it.o(.text.NMI_Handler) for NMI_Handler
    startup_stm32f103xb.o(RESET) refers to stm32f1xx_it.o(.text.HardFault_Handler) for HardFault_Handler
    startup_stm32f103xb.o(RESET) refers to stm32f1xx_it.o(.text.MemManage_Handler) for MemManage_Handler
    startup_stm32f103xb.o(RESET) refers to stm32f1xx_it.o(.text.BusFault_Handler) for BusFault_Handler
    startup_stm32f103xb.o(RESET) refers to stm32f1xx_it.o(.text.UsageFault_Handler) for UsageFault_Handler
    startup_stm32f103xb.o(RESET) refers to stm32f1xx_it.o(.text.SVC_Handler) for SVC_Handler
    startup_stm32f103xb.o(RESET) refers to stm32f1xx_it.o(.text.DebugMon_Handler) for DebugMon_Handler
    startup_stm32f103xb.o(RESET) refers to stm32f1xx_it.o(.text.PendSV_Handler) for PendSV_Handler
    startup_stm32f103xb.o(RESET) refers to stm32f1xx_it.o(.text.SysTick_Handler) for SysTick_Handler
    startup_stm32f103xb.o(RESET) refers to stm32f1xx_it.o(.text.DMA1_Channel1_IRQHandler) for DMA1_Channel1_IRQHandler
    startup_stm32f103xb.o(RESET) refers to stm32f1xx_it.o(.text.TIM3_IRQHandler) for TIM3_IRQHandler
    startup_stm32f103xb.o(RESET) refers to stm32f1xx_it.o(.text.I2C1_EV_IRQHandler) for I2C1_EV_IRQHandler
    startup_stm32f103xb.o(RESET) refers to stm32f1xx_it.o(.text.I2C1_ER_IRQHandler) for I2C1_ER_IRQHandler
    startup_stm32f103xb.o(RESET) refers to stm32f1xx_it.o(.text.USART1_IRQHandler) for USART1_IRQHandler
    startup_stm32f103xb.o(.text) refers (Special) to heapauxi.o(.text) for __use_two_region_memory
    startup_stm32f103xb.o(.text) refers to system_stm32f1xx.o(.text.SystemInit) for SystemInit
    startup_stm32f103xb.o(.text) refers to __main.o(!!!main) for __main
    startup_stm32f103xb.o(.text) refers to startup_stm32f103xb.o(HEAP) for Heap_Mem
    startup_stm32f103xb.o(.text) refers to startup_stm32f103xb.o(STACK) for Stack_Mem
    hcsr04.o(.text.HCSR04_Init) refers to stm32f1xx_hal_gpio.o(.text.HAL_GPIO_WritePin) for HAL_GPIO_WritePin
    hcsr04.o(.text.HCSR04_Init) refers to stm32f1xx_hal.o(.text.HAL_Delay) for HAL_Delay
    hcsr04.o(.ARM.exidx.text.HCSR04_Init) refers to hcsr04.o(.text.HCSR04_Init) for [Anonymous Symbol]
    hcsr04.o(.text.HCSR04_Trigger) refers to stm32f1xx_hal_gpio.o(.text.HAL_GPIO_WritePin) for HAL_GPIO_WritePin
    hcsr04.o(.ARM.exidx.text.HCSR04_Trigger) refers to hcsr04.o(.text.HCSR04_Trigger) for [Anonymous Symbol]
    hcsr04.o(.text.HCSR04_TIM_IC_Callback) refers to stm32f1xx_hal_gpio.o(.text.HAL_GPIO_ReadPin) for HAL_GPIO_ReadPin
    hcsr04.o(.text.HCSR04_TIM_IC_Callback) refers to stm32f1xx_hal_tim.o(.text.HAL_TIM_ReadCapturedValue) for HAL_TIM_ReadCapturedValue
    hcsr04.o(.ARM.exidx.text.HCSR04_TIM_IC_Callback) refers to hcsr04.o(.text.HCSR04_TIM_IC_Callback) for [Anonymous Symbol]
    hcsr04.o(.ARM.exidx.text.HCSR04_ReadDistanceCm) refers to hcsr04.o(.text.HCSR04_ReadDistanceCm) for [Anonymous Symbol]
    hcsr04.o(.text.HCSR04_ReadDistanceMm) refers to dflt_clz.o(x$fpl$dfltu) for __aeabi_ui2d
    hcsr04.o(.text.HCSR04_ReadDistanceMm) refers to ddiv.o(x$fpl$ddiv) for __aeabi_ddiv
    hcsr04.o(.text.HCSR04_ReadDistanceMm) refers to dfixu.o(x$fpl$dfixu) for __aeabi_d2uiz
    hcsr04.o(.ARM.exidx.text.HCSR04_ReadDistanceMm) refers to hcsr04.o(.text.HCSR04_ReadDistanceMm) for [Anonymous Symbol]
    tcs34725.o(.text.TCS34725_Init) refers to tcs34725.o(.bss.i2c_busy) for i2c_busy
    tcs34725.o(.text.TCS34725_Init) refers to tcs34725.o(.bss.i2c_done) for i2c_done
    tcs34725.o(.text.TCS34725_Init) refers to tcs34725.o(.bss.i2c_error) for i2c_error
    tcs34725.o(.text.TCS34725_Init) refers to tcs34725.o(.bss.last_raw) for last_raw
    tcs34725.o(.text.TCS34725_Init) refers to tcs34725.o(.bss.current_color) for current_color
    tcs34725.o(.text.TCS34725_Init) refers to stm32f1xx_hal.o(.text.HAL_GetTick) for HAL_GetTick
    tcs34725.o(.text.TCS34725_Init) refers to tcs34725.o(.bss.state_tick) for state_tick
    tcs34725.o(.text.TCS34725_Init) refers to tcs34725.o(.bss.last_read_tick) for last_read_tick
    tcs34725.o(.text.TCS34725_Init) refers to tcs34725.o(.bss.tcs_state) for tcs_state
    tcs34725.o(.ARM.exidx.text.TCS34725_Init) refers to tcs34725.o(.text.TCS34725_Init) for [Anonymous Symbol]
    tcs34725.o(.text.TCS34725_Task) refers to stm32f1xx_hal.o(.text.HAL_GetTick) for HAL_GetTick
[...]
    [Anonymous Symbol]                       0x08001600   Section        0  stm32f1xx_hal.o(.text.HAL_Init)
    [Anonymous Symbol]                       0x08001628   Section        0  stm32f1xx_hal.o(.text.HAL_InitTick)
    [Anonymous Symbol]                       0x08001678   Section        0  stm32f1xx_hal_msp.o(.text.HAL_MspInit)
    [Anonymous Symbol]                       0x080016c8   Section        0  stm32f1xx_hal_cortex.o(.text.HAL_NVIC_EnableIRQ)
    [Anonymous Symbol]                       0x080016ec   Section        0  stm32f1xx_hal_cortex.o(.text.HAL_NVIC_SetPriority)
    [Anonymous Symbol]                       0x08001744   Section        0  stm32f1xx_hal_cortex.o(.text.HAL_NVIC_SetPriorityGrouping)
    [Anonymous Symbol]                       0x08001764   Section        0  stm32f1xx_hal_rcc_ex.o(.text.HAL_RCCEx_PeriphCLKConfig)
    [Anonymous Symbol]                       0x08001864   Section        0  stm32f1xx_hal_rcc.o(.text.HAL_RCC_ClockConfig)
    [Anonymous Symbol]                       0x08001a18   Section        0  stm32f1xx_hal_rcc.o(.text.HAL_RCC_GetPCLK1Freq)
    [Anonymous Symbol]                       0x08001a40   Section        0  stm32f1xx_hal_rcc.o(.text.HAL_RCC_GetPCLK2Freq)
    [Anonymous Symbol]                       0x08001a68   Section        0  stm32f1xx_hal_rcc.o(.text.HAL_RCC_OscConfig)
    [Anonymous Symbol]                       0x08001da0   Section        0  stm32f1xx_hal_cortex.o(.text.HAL_SYSTICK_Config)
    [Anonymous Symbol]                       0x08001dcc   Section        0  stm32f1xx_hal_tim_ex.o(.text.HAL_TIMEx_BreakCallback)
    [Anonymous Symbol]                       0x08001dd0   Section        0  stm32f1xx_hal_tim_ex.o(.text.HAL_TIMEx_CommutCallback)
    [Anonymous Symbol]                       0x08001dd4   Section        0  stm32f1xx_hal_tim_ex.o(.text.HAL_TIMEx_ConfigBreakDeadTime)
    [Anonymous Symbol]                       0x08001e20   Section        0  stm32f1xx_hal_tim_ex.o(.text.HAL_TIMEx_MasterConfigSynchronization)
    [Anonymous Symbol]                       0x08001e9c   Section        0  stm32f1xx_hal_tim.o(.text.HAL_TIM_Base_Init)
    [Anonymous Symbol]                       0x08001f84   Section        0  tim.o(.text.HAL_TIM_Base_MspInit)
    [Anonymous Symbol]                       0x0800203c   Section        0  stm32f1xx_hal_tim.o(.text.HAL_TIM_ConfigClockSource)
    [Anonymous Symbol]                       0x080021dc   Section        0  main.o(.text.HAL_TIM_IC_CaptureCallback)
    [Anonymous Symbol]                       0x080021ec   Section        0  stm32f1xx_hal_tim.o(.text.HAL_TIM_IC_ConfigChannel)
    [Anonymous Symbol]                       0x08002360   Section        0  stm32f1xx_hal_tim.o(.text.HAL_TIM_IC_Init)
    [Anonymous Symbol]                       0x08002448   Section        0  stm32f1xx_hal_tim.o(.text.HAL_TIM_IC_MspInit)
    [Anonymous Symbol]                       0x0800244c   Section        0  stm32f1xx_hal_tim.o(.text.HAL_TIM_IC_Start_IT)
    [Anonymous Symbol]                       0x08002564   Section        0  stm32f1xx_hal_tim.o(.text.HAL_TIM_IRQHandler)
    [Anonymous Symbol]                       0x080026b0   Section        0  stm32f1xx_hal_tim.o(.text.HAL_TIM_OC_DelayElapsedCallback)
    [Anonymous Symbol]                       0x080026b4   Section        0  stm32f1xx_hal_tim.o(.text.HAL_TIM_PWM_ConfigChannel)
    [Anonymous Symbol]                       0x080028b4   Section        0  stm32f1xx_hal_tim.o(.text.HAL_TIM_PWM_Init)
    [Anonymous Symbol]                       0x0800299c   Section        0  tim.o(.text.HAL_TIM_PWM_MspInit)
    [Anonymous Symbol]                       0x080029cc   Section        0  stm32f1xx_hal_tim.o(.text.HAL_TIM_PWM_PulseFinishedCallback)
    [Anonymous Symbol]                       0x080029d0   Section        0  stm32f1xx_hal_tim.o(.text.HAL_TIM_PWM_Start)
    [Anonymous Symbol]                       0x08002a88   Section        0  stm32f1xx_hal_tim.o(.text.HAL_TIM_PeriodElapsedCallback)
    [Anonymous Symbol]                       0x08002a8c   Section        0  stm32f1xx_hal_tim.o(.text.HAL_TIM_ReadCapturedValue)
    [Anonymous Symbol]                       0x08002aa4   Section        0  stm32f1xx_hal_tim.o(.text.HAL_TIM_TriggerCallback)
    [Anonymous Symbol]                       0x08002aa8   Section        0  stm32f1xx_hal_uart.o(.text.HAL_UARTEx_RxEventCallback)
    [Anonymous Symbol]                       0x08002aac   Section        0  main.o(.text.HAL_UART_ErrorCallback)
    [Anonymous Symbol]                       0x08002acc   Section        0  stm32f1xx_hal_uart.o(.text.HAL_UART_IRQHandler)
    [Anonymous Symbol]                       0x08002dd0   Section        0  stm32f1xx_hal_uart.o(.text.HAL_UART_Init)
    [Anonymous Symbol]                       0x08002eb0   Section        0  usart.o(.text.HAL_UART_MspInit)
    [Anonymous Symbol]                       0x08002f4c   Section        0  stm32f1xx_hal_uart.o(.text.HAL_UART_RxCpltCallback)
    [Anonymous Symbol]                       0x08002f50   Section        0  main.o(.text.HAL_UART_TxCpltCallback)
    [Anonymous Symbol]                       0x08002f70   Section        0  hcsr04.o(.text.HCSR04_Init)
    [Anonymous Symbol]                       0x08002f90   Section        0  hcsr04.o(.text.HCSR04_ReadDistanceCm)
    [Anonymous Symbol]                       0x08002fb4   Section        0  hcsr04.o(.text.HCSR04_TIM_IC_Callback)
    [Anonymous Symbol]                       0x08003018   Section        0  hcsr04.o(.text.HCSR04_Trigger)
    [Anonymous Symbol]                       0x0800308c   Section        0  stm32f1xx_it.o(.text.HardFault_Handler)
    [Anonymous Symbol]                       0x08003090   Section        0  stm32f1xx_it.o(.text.I2C1_ER_IRQHandler)
    [Anonymous Symbol]                       0x0800309c   Section        0  stm32f1xx_it.o(.text.I2C1_EV_IRQHandler)
    I2C_DMAAbort                             0x080030a9   Thumb Code   228  stm32f1xx_hal_i2c.o(.text.I2C_DMAAbort)
    [Anonymous Symbol]                       0x080030a8   Section        0  stm32f1xx_hal_i2c.o(.text.I2C_DMAAbort)
    I2C_ITError                              0x0800318d   Thumb Code   346  stm32f1xx_hal_i2c.o(.text.I2C_ITError)
    [Anonymous Symbol]                       0x0800318c   Section        0  stm32f1xx_hal_i2c.o(.text.I2C_ITError)
    I2C_MasterReceive_BTF                    0x080032e9   Thumb Code   242  stm32f1xx_hal_i2c.o(.text.I2C_MasterReceive_BTF)
    [Anonymous Symbol]                       0x080032e8   Section        0  stm32f1xx_hal_i2c.o(.text.I2C_MasterReceive_BTF)
    I2C_MasterReceive_RXNE                   0x080033dd   Thumb Code   270  stm32f1xx_hal_i2c.o(.text.I2C_MasterReceive_RXNE)
    [Anonymous Symbol]                       0x080033dc   Section        0  stm32f1xx_hal_i2c.o(.text.I2C_MasterReceive_RXNE)
    I2C_MasterTransmit_BTF                   0x080034ed   Thumb Code   128  stm32f1xx_hal_i2c.o(.text.I2C_MasterTransmit_BTF)
    [Anonymous Symbol]                       0x080034ec   Section        0  stm32f1xx_hal_i2c.o(.text.I2C_MasterTransmit_BTF)
    I2C_MasterTransmit_TXE                   0x0800356d   Thumb Code   176  stm32f1xx_hal_i2c.o(.text.I2C_MasterTransmit_TXE)
    [Anonymous Symbol]                       0x0800356c   Section        0  stm32f1xx_hal_i2c.o(.text.I2C_MasterTransmit_TXE)
    I2C_MemoryTransmit_TXE_BTF               0x0800361d   Thumb Code   172  stm32f1xx_hal_i2c.o(.text.I2C_MemoryTransmit_TXE_BTF)
    [Anonymous Symbol]                       0x0800361c   Section        0  stm32f1xx_hal_i2c.o(.text.I2C_MemoryTransmit_TXE_BTF)
    Line5_Task                               0x080036c9   Thumb Code  1176  main.o(.text.Line5_Task)
    [Anonymous Symbol]                       0x080036c8   Section        0  main.o(.text.Line5_Task)
    [Anonymous Symbol]                       0x08003b60   Section        0  dma.o(.text.MX_DMA_Init)
    [Anonymous Symbol]                       0x08003b94   Section        0  gpio.o(.text.MX_GPIO_Init)
    [Anonymous Symbol]                       0x08003c3c   Section        0  i2c.o(.text.MX_I2C1_Init)
    [Anonymous Symbol]                       0x08003c80   Section        0  tim.o(.text.MX_TIM1_Init)
    [Anonymous Symbol]                       0x08003dd0   Section        0  tim.o(.text.MX_TIM2_Init)
    [Anonymous Symbol]                       0x08003f18   Section        0  tim.o(.text.MX_TIM3_Init)
    [Anonymous Symbol]                       0x08003fd4   Section        0  usart.o(.text.MX_USART1_UART_Init)
    [Anonymous Symbol]                       0x08004010   Section        0  stm32f1xx_it.o(.text.MemManage_Handler)
    Motor_Left_SetPercent                    0x08004015   Thumb Code   234  main.o(.text.Motor_Left_SetPercent)
    [Anonymous Symbol]                       0x08004014   Section        0  main.o(.text.Motor_Left_SetPercent)
    Motor_Right_SetPercent                   0x08004101   Thumb Code   234  main.o(.text.Motor_Right_SetPercent)
    [Anonymous Symbol]                       0x08004100   Section        0  main.o(.text.Motor_Right_SetPercent)
    [Anonymous Symbol]                       0x080041ec   Section        0  stm32f1xx_it.o(.text.NMI_Handler)
    [Anonymous Symbol]                       0x080041f0   Section        0  stm32f1xx_it.o(.text.PendSV_Handler)
    Robot_HandleUnknownObject                0x080041f5   Thumb Code   616  main.o(.text.Robot_HandleUnknownObject)
    [Anonymous Symbol]                       0x080041f4   Section        0  main.o(.text.Robot_HandleUnknownObject)
    [Anonymous Symbol]                       0x0800445c   Section        0  stm32f1xx_it.o(.text.SVC_Handler)
    [Anonymous Symbol]                       0x08004460   Section        0  servo_nb.o(.text.ServoNB_Init)
    [Anonymous Symbol]                       0x080044ac   Section        0  servo_nb.o(.text.ServoNB_IsMoving)
    [Anonymous Symbol]                       0x080044b8   Section        0  servo_nb.o(.text.ServoNB_MoveToAngle)
    [Anonymous Symbol]                       0x08004528   Section        0  servo_nb.o(.text.ServoNB_Start)
    [Anonymous Symbol]                       0x08004584   Section        0  servo_nb.o(.text.ServoNB_Task)
    [Anonymous Symbol]                       0x0800461c   Section        0  servo_nb.o(.text.ServoNB_WriteAngle)
    [Anonymous Symbol]                       0x080046b0   Section        0  stm32f1xx_it.o(.text.SysTick_Handler)
    [Anonymous Symbol]                       0x080046b4   Section        0  system_stm32f1xx.o(.text.SystemInit)
    [Anonymous Symbol]                       0x080046b8   Section        0  tcs34725.o(.text.TCS34725_GetCurrentColor)
    [Anonymous Symbol]                       0x080046c4   Section        0  tcs34725.o(.text.TCS34725_GetLastRaw)
    [Anonymous Symbol]                       0x080046d4   Section        0  tcs34725.o(.text.TCS34725_GetStatus)
    [Anonymous Symbol]                       0x080046f4   Section        0  tcs34725.o(.text.TCS34725_I2C_AbortCpltCallback)
    [Anonymous Symbol]                       0x08004724   Section        0  tcs34725.o(.text.TCS34725_I2C_ErrorCallback)
    [Anonymous Symbol]                       0x08004754   Section        0  tcs34725.o(.text.TCS34725_I2C_MemRxCpltCallback)
    [Anonymous Symbol]                       0x0800478c   Section        0  tcs34725.o(.text.TCS34725_I2C_MemTxCpltCallback)
    [Anonymous Symbol]                       0x080047c4   Section        0  tcs34725.o(.text.TCS34725_Init)
    [Anonymous Symbol]                       0x08004828   Section        0  tcs34725.o(.text.TCS34725_Task)
    [Anonymous Symbol]                       0x08004dc8   Section        0  stm32f1xx_it.o(.text.TIM3_IRQHandler)
    UART_DMAAbortOnError                     0x08004dd5   Thumb Code    12  stm32f1xx_hal_uart.o(.text.UART_DMAAbortOnError)
    [Anonymous Symbol]                       0x08004dd4   Section        0  stm32f1xx_hal_uart.o(.text.UART_DMAAbortOnError)
    UART_Receive_IT                          0x08004de1   Thumb Code   192  stm32f1xx_hal_uart.o(.text.UART_Receive_IT)
    [Anonymous Symbol]                       0x08004de0   Section        0  stm32f1xx_hal_uart.o(.text.UART_Receive_IT)
    [Anonymous Symbol]                       0x08004ea0   Section        0  stm32f1xx_it.o(.text.USART1_IRQHandler)
    [Anonymous Symbol]                       0x08004eac   Section        0  stm32f1xx_it.o(.text.UsageFault_Handler)
    [Anonymous Symbol]                       0x08004eb0   Section        0  main.o(.text.main)
    .Lswitch.table.ColorStable_Task.1        0x0800602c   Data          16  main.o(.rodata..Lswitch.table.ColorStable_Task.1)
    HAL_RCC_GetSysClockFreq.aPredivFactorTable 0x08006054   Data           2  stm32f1xx_hal_rcc.o(.rodata.HAL_RCC_GetSysClockFreq.aPredivFactorTable)
    [Anonymous Symbol]                       0x08006054   Section        0  stm32f1xx_hal_rcc.o(.rodata.HAL_RCC_GetSysClockFreq.aPredivFactorTable)
    HAL_RCC_GetSysClockFreq.aPLLMULFactorTable 0x08006056   Data          16  stm32f1xx_hal_rcc.o(.rodata.cst16)
    [Anonymous Symbol]                       0x08006056   Section        0  stm32f1xx_hal_rcc.o(.rodata.cst16)
    .Lswitch.table.HAL_TIM_IC_Start_IT       0x08006068   Data          16  stm32f1xx_hal_tim.o(.rodata.cst16)
    .Lswitch.table.HAL_TIM_IC_Stop_IT        0x08006078   Data          16  stm32f1xx_hal_tim.o(.rodata.cst16)
    .Lswitch.table.HAL_TIM_IC_Stop_DMA       0x08006088   Data          16  stm32f1xx_hal_tim.o(.rodata.cst16)
    avoid_return_state                       0x20000004   Data           1  main.o(.data.avoid_return_state)
    [Anonymous Symbol]                       0x20000004   Section        0  main.o(.data.avoid_return_state)
    line5_speed_cmd                          0x20000008   Data           2  main.o(.data.line5_speed_cmd)
    [Anonymous Symbol]                       0x20000008   Section        0  main.o(.data.line5_speed_cmd)
    .bss                                     0x20000010   Section       96  libspace.o(.bss)
    action_start_tick                        0x20000070   Data           4  main.o(.bss.action_start_tick)
    [Anonymous Symbol]                       0x20000070   Section        0  main.o(.bss.action_start_tick)
    color_last_sample_tick                   0x20000074   Data           4  main.o(.bss.color_last_sample_tick)
    [Anonymous Symbol]                       0x20000074   Section        0  main.o(.bss.color_last_sample_tick)
    color_last_valid_tick                    0x20000078   Data           4  main.o(.bss.color_last_valid_tick)
    [Anonymous Symbol]                       0x20000078   Section        0  main.o(.bss.color_last_valid_tick)
    color_sample_count                       0x2000007c   Data           1  main.o(.bss.color_sample_count)
    [Anonymous Symbol]                       0x2000007c   Section        0  main.o(.bss.color_sample_count)
    color_vote_blue                          0x2000007d   Data           1  main.o(.bss.color_vote_blue)
    [Anonymous Symbol]                       0x2000007d   Section        0  main.o(.bss.color_vote_blue)
    color_vote_green                         0x2000007e   Data           1  main.o(.bss.color_vote_green)
    [Anonymous Symbol]                       0x2000007e   Section        0  main.o(.bss.color_vote_green)
    color_vote_red                           0x2000007f   Data           1  main.o(.bss.color_vote_red)
    [Anonymous Symbol]                       0x2000007f   Section        0  main.o(.bss.color_vote_red)
    color_vote_yellow                        0x20000080   Data           1  main.o(.bss.color_vote_yellow)
    [Anonymous Symbol]                       0x20000080   Section        0  main.o(.bss.color_vote_yellow)
    current_color                            0x20000081   Data           1  tcs34725.o(.bss.current_color)
    [Anonymous Symbol]                       0x20000081   Section        0  tcs34725.o(.bss.current_color)
    distance_last_valid_tick                 0x200000b4   Data           4  main.o(.bss.distance_last_valid_tick)
    [Anonymous Symbol]                       0x200000b4   Section        0  main.o(.bss.distance_last_valid_tick)
    finish_marker_count                      0x200000b8   Data           2  main.o(.bss.finish_marker_count)
    [Anonymous Symbol]                       0x200000b8   Section        0  main.o(.bss.finish_marker_count)
    has_target_color                         0x200000ba   Data           1  main.o(.bss.has_target_color)
    [Anonymous Symbol]                       0x200000ba   Section        0  main.o(.bss.has_target_color)
    i2c_busy                                 0x20000294   Data           1  tcs34725.o(.bss.i2c_busy)
    [Anonymous Symbol]                       0x20000294   Section        0  tcs34725.o(.bss.i2c_busy)
    i2c_done                                 0x20000295   Data           1  tcs34725.o(.bss.i2c_done)
    [Anonymous Symbol]                       0x20000295   Section        0  tcs34725.o(.bss.i2c_done)
    i2c_error                                0x20000296   Data           1  tcs34725.o(.bss.i2c_error)
    [Anonymous Symbol]                       0x20000296   Section        0  tcs34725.o(.bss.i2c_error)
    i2c_rx_buf                               0x20000297   Data           8  tcs34725.o(.bss.i2c_rx_buf)
    [Anonymous Symbol]                       0x20000297   Section        0  tcs34725.o(.bss.i2c_rx_buf)
    i2c_start_tick                           0x200002a0   Data           4  tcs34725.o(.bss.i2c_start_tick)
    [Anonymous Symbol]                       0x200002a0   Section        0  tcs34725.o(.bss.i2c_start_tick)
    i2c_tx_byte                              0x200002a4   Data           1  tcs34725.o(.bss.i2c_tx_byte)
    [Anonymous Symbol]                       0x200002a4   Section        0  tcs34725.o(.bss.i2c_tx_byte)
    last_hcsr04_tick                         0x200002a8   Data           4  main.o(.bss.last_hcsr04_tick)
    [Anonymous Symbol]                       0x200002a8   Section        0  main.o(.bss.last_hcsr04_tick)
    last_raw                                 0x200002b0   Data           8  tcs34725.o(.bss.last_raw)
    [Anonymous Symbol]                       0x200002b0   Section        0  tcs34725.o(.bss.last_raw)
    last_read_tick                           0x200002b8   Data           4  tcs34725.o(.bss.last_read_tick)
    [Anonymous Symbol]                       0x200002b8   Section        0  tcs34725.o(.bss.last_read_tick)
    line5_center_lost_recovery               0x200002bc   Data           1  main.o(.bss.line5_center_lost_recovery)
    [Anonymous Symbol]                       0x200002bc   Section        0  main.o(.bss.line5_center_lost_recovery)
    line5_last_error                         0x200002be   Data           2  main.o(.bss.line5_last_error)
    [Anonymous Symbol]                       0x200002be   Section        0  main.o(.bss.line5_last_error)
    line5_last_mask                          0x200002c0   Data           1  main.o(.bss.line5_last_mask)
    [Anonymous Symbol]                       0x200002c0   Section        0  main.o(.bss.line5_last_mask)
    line5_lost_count                         0x200002c2   Data           2  main.o(.bss.line5_lost_count)
    [Anonymous Symbol]                       0x200002c2   Section        0  main.o(.bss.line5_lost_count)
    line5_recovery_dir                       0x200002c4   Data           1  main.o(.bss.line5_recovery_dir)
    [Anonymous Symbol]                       0x200002c4   Section        0  main.o(.bss.line5_recovery_dir)
    line5_remember                           0x200002c5   Data           1  main.o(.bss.line5_remember)
    [Anonymous Symbol]                       0x200002c5   Section        0  main.o(.bss.line5_remember)
    obstacle_ignore_until                    0x200002c8   Data           4  main.o(.bss.obstacle_ignore_until)
    [Anonymous Symbol]                       0x200002c8   Section        0  main.o(.bss.obstacle_ignore_until)
    robotState                               0x200002cc   Data           1  main.o(.bss.robotState)
    [Anonymous Symbol]                       0x200002cc   Section        0  main.o(.bss.robotState)
    state_tick                               0x20000318   Data           4  tcs34725.o(.bss.state_tick)
    [Anonymous Symbol]                       0x20000318   Section        0  tcs34725.o(.bss.state_tick)
    target_color                             0x2000031c   Data           1  main.o(.bss.target_color)
    [Anonymous Symbol]                       0x2000031c   Section        0  main.o(.bss.target_color)
    tcs_state                                0x2000031d   Data           1  tcs34725.o(.bss.tcs_state)
    [Anonymous Symbol]                       0x2000031d   Section        0  tcs34725.o(.bss.tcs_state)
    uart1_tx_busy                            0x2000031e   Data           1  main.o(.bss.uart1_tx_busy)
    [Anonymous Symbol]                       0x2000031e   Section        0  main.o(.bss.uart1_tx_busy)
    Heap_Mem                                 0x20000328   Data         512  startup_stm32f103xb.o(HEAP)
    HEAP                                     0x20000328   Section      512  startup_stm32f103xb.o(HEAP)
    Stack_Mem                                0x20000528   Data        1024  startup_stm32f103xb.o(STACK)
    STACK                                    0x20000528   Section     1024  startup_stm32f103xb.o(STACK)
    __initial_sp                             0x20000928   Data           0  startup_stm32f103xb.o(STACK)

    Global Symbols

    Symbol Name                              Value     Ov Type        Size  Object(Section)

    BuildAttributes$$THM_ISAv4$P$D$K$B$S$PE$A:L22UL41UL21$X:L11$S22US41US21$IEEE1$IW$~IW$USESV6$~STKCKD$USESV7$~SHL$OTIME$ROPI$EBA8$UX$STANDARDLIB$REQ8$PRES8$EABIv2 0x00000000   Number         0  anon$$obj.o ABSOLUTE
    __fp_init_empty                          0x00000000   Number         0  fpinit_empty.o ABSOLUTE
    __ARM_exceptions_init                     - Undefined Weak Reference
    __alloca_initialize                       - Undefined Weak Reference
    __arm_preinit_                            - Undefined Weak Reference
    __arm_relocate_pie_                       - Undefined Weak Reference
    __cpp_initialize__aeabi_                  - Undefined Weak Reference
    __cxa_finalize                            - Undefined Weak Reference
    __rt_locale                               - Undefined Weak Reference
    __sigvec_lookup                           - Undefined Weak Reference
    _atexit_init                              - Undefined Weak Reference
    _call_atexit_fns                          - Undefined Weak Reference
    _clock_init                               - Undefined Weak Reference
    _fp_trap_init                             - Undefined Weak Reference
    _fp_trap_shutdown                         - Undefined Weak Reference
    _get_lc_collate                           - Undefined Weak Reference
    _get_lc_ctype                             - Undefined Weak Reference
    _get_lc_monetary                          - Undefined Weak Reference
    _get_lc_numeric                           - Undefined Weak Reference
    _get_lc_time                              - Undefined Weak Reference
    _getenv_init                              - Undefined Weak Reference
    _handle_redirection                       - Undefined Weak Reference
    _init_alloc                               - Undefined Weak Reference
    _init_user_alloc                          - Undefined Weak Reference
    _initio                                   - Undefined Weak Reference
    _rand_init                                - Undefined Weak Reference
    _signal_finish                            - Undefined Weak Reference
    _signal_init                              - Undefined Weak Reference
    _terminate_alloc                          - Undefined Weak Reference
    _terminate_user_alloc                     - Undefined Weak Reference
    _terminateio                              - Undefined Weak Reference
    __Vectors_Size                           0x000000ec   Number         0  startup_stm32f103xb.o ABSOLUTE
    __Vectors                                0x08000000   Data           4  startup_stm32f103xb.o(RESET)
    __Vectors_End                            0x080000ec   Data           0  startup_stm32f103xb.o(RESET)
    __main                                   0x080000ed   Thumb Code     8  __main.o(!!!main)
    __scatterload                            0x080000f5   Thumb Code     0  __scatter.o(!!!scatter)
    __scatterload_rt2                        0x080000f5   Thumb Code    84  __scatter.o(!!!scatter)
    __scatterload_rt2_thumb_only             0x080000f5   Thumb Code     0  __scatter.o(!!!scatter)
    __scatterload_loop                       0x080000ff   Thumb Code     0  __scatter.o(!!!scatter)
    __scatterload_copy                       0x08000151   Thumb Code    26  __scatter_copy.o(!!handler_copy)
    __scatterload_null                       0x0800016d   Thumb Code     2  __scatter.o(!!handler_null)
    __scatterload_zeroinit                   0x08000171   Thumb Code    28  __scatter_zi.o(!!handler_zi)
    __rt_lib_init                            0x0800018d   Thumb Code     0  libinit.o(.ARM.Collect$$libinit$$00000000)
    __rt_lib_init_alloca_1                   0x0800018f   Thumb Code     0  libinit2.o(.ARM.Collect$$libinit$$00000030)
    __rt_lib_init_argv_1                     0x0800018f   Thumb Code     0  libinit2.o(.ARM.Collect$$libinit$$0000002E)
    __rt_lib_init_atexit_1                   0x0800018f   Thumb Code     0  libinit2.o(.ARM.Collect$$libinit$$0000001D)
    __rt_lib_init_clock_1                    0x0800018f   Thumb Code     0  libinit2.o(.ARM.Collect$$libinit$$00000023)
    __rt_lib_init_cpp_1                      0x0800018f   Thumb Code     0  libinit2.o(.ARM.Collect$$libinit$$00000034)
    __rt_lib_init_exceptions_1               0x0800018f   Thumb Code     0  libinit2.o(.ARM.Collect$$libinit$$00000032)
    __rt_lib_init_fp_1                       0x0800018f   Thumb Code     0  libinit2.o(.ARM.Collect$$libinit$$00000002)
    __rt_lib_init_fp_trap_1                  0x0800018f   Thumb Code     0  libinit2.o(.ARM.Collect$$libinit$$00000021)
    __rt_lib_init_getenv_1                   0x0800018f   Thumb Code     0  libinit2.o(.ARM.Collect$$libinit$$00000025)
    __rt_lib_init_heap_1                     0x0800018f   Thumb Code     0  libinit2.o(.ARM.Collect$$libinit$$0000000C)
    __rt_lib_init_lc_collate_1               0x0800018f   Thumb Code     0  libinit2.o(.ARM.Collect$$libinit$$00000013)
    __rt_lib_init_lc_ctype_1                 0x0800018f   Thumb Code     0  libinit2.o(.ARM.Collect$$libinit$$00000015)
    __rt_lib_init_lc_monetary_1              0x0800018f   Thumb Code     0  libinit2.o(.ARM.Collect$$libinit$$00000017)
    __rt_lib_init_lc_numeric_1               0x0800018f   Thumb Code     0  libinit2.o(.ARM.Collect$$libinit$$00000019)
    __rt_lib_init_lc_time_1                  0x0800018f   Thumb Code     0  libinit2.o(.ARM.Collect$$libinit$$0000001B)
    __rt_lib_init_preinit_1                  0x0800018f   Thumb Code     0  libinit2.o(.ARM.Collect$$libinit$$00000006)
    __rt_lib_init_rand_1                     0x0800018f   Thumb Code     0  libinit2.o(.ARM.Collect$$libinit$$00000010)
    __rt_lib_init_relocate_pie_1             0x0800018f   Thumb Code     0  libinit2.o(.ARM.Collect$$libinit$$00000004)
    __rt_lib_init_return                     0x0800018f   Thumb Code     0  libinit2.o(.ARM.Collect$$libinit$$00000035)
    __rt_lib_init_signal_1                   0x0800018f   Thumb Code     0  libinit2.o(.ARM.Collect$$libinit$$0000001F)
    __rt_lib_init_stdio_1                    0x0800018f   Thumb Code     0  libinit2.o(.ARM.Collect$$libinit$$00000027)
    __rt_lib_init_user_alloc_1               0x0800018f   Thumb Code     0  libinit2.o(.ARM.Collect$$libinit$$0000000E)
    __rt_lib_shutdown                        0x08000191   Thumb Code     0  libshutdown.o(.ARM.Collect$$libshutdown$$00000000)
    __rt_lib_shutdown_cpp_1                  0x08000193   Thumb Code     0  libshutdown2.o(.ARM.Collect$$libshutdown$$00000002)
    __rt_lib_shutdown_fp_trap_1              0x08000193   Thumb Code     0  libshutdown2.o(.ARM.Collect$$libshutdown$$00000007)
    __rt_lib_shutdown_heap_1                 0x08000193   Thumb Code     0  libshutdown2.o(.ARM.Collect$$libshutdown$$0000000F)
    __rt_lib_shutdown_return                 0x08000193   Thumb Code     0  libshutdown2.o(.ARM.Collect$$libshutdown$$00000010)
    __rt_lib_shutdown_signal_1               0x08000193   Thumb Code     0  libshutdown2.o(.ARM.Collect$$libshutdown$$0000000A)
    __rt_lib_shutdown_stdio_1                0x08000193   Thumb Code     0  libshutdown2.o(.ARM.Collect$$libshutdown$$00000004)
    __rt_lib_shutdown_user_alloc_1           0x08000193   Thumb Code     0  libshutdown2.o(.ARM.Collect$$libshutdown$$0000000C)
    __rt_entry                               0x08000195   Thumb Code     0  __rtentry.o(.ARM.Collect$$rtentry$$00000000)
    __rt_entry_presh_1                       0x08000195   Thumb Code     0  __rtentry2.o(.ARM.Collect$$rtentry$$00000002)
    __rt_entry_sh                            0x08000195   Thumb Code     0  __rtentry4.o(.ARM.Collect$$rtentry$$00000004)
    __rt_entry_li                            0x0800019b   Thumb Code     0  __rtentry2.o(.ARM.Collect$$rtentry$$0000000A)
    __rt_entry_postsh_1                      0x0800019b   Thumb Code     0  __rtentry2.o(.ARM.Collect$$rtentry$$00000009)
    __rt_entry_main                          0x0800019f   Thumb Code     0  __rtentry2.o(.ARM.Collect$$rtentry$$0000000D)
    __rt_entry_postli_1                      0x0800019f   Thumb Code     0  __rtentry2.o(.ARM.Collect$$rtentry$$0000000C)
    __rt_exit                                0x080001a7   Thumb Code     0  rtexit.o(.ARM.Collect$$rtexit$$00000000)
    __rt_exit_ls                             0x080001a9   Thumb Code     0  rtexit2.o(.ARM.Collect$$rtexit$$00000003)
    __rt_exit_prels_1                        0x080001a9   Thumb Code     0  rtexit2.o(.ARM.Collect$$rtexit$$00000002)
    __rt_exit_exit                           0x080001ad   Thumb Code     0  rtexit2.o(.ARM.Collect$$rtexit$$00000004)
    Reset_Handler                            0x080001b5   Thumb Code     8  startup_stm32f103xb.o(.text)
    ADC1_2_IRQHandler                        0x080001cf   Thumb Code     0  startup_stm32f103xb.o(.text)
    CAN1_RX1_IRQHandler                      0x080001cf   Thumb Code     0  startup_stm32f103xb.o(.text)
    CAN1_SCE_IRQHandler                      0x080001cf   Thumb Code     0  startup_stm32f103xb.o(.text)
    DMA1_Channel2_IRQHandler                 0x080001cf   Thumb Code     0  startup_stm32f103xb.o(.text)
    DMA1_Channel3_IRQHandler                 0x080001cf   Thumb Code     0  startup_stm32f103xb.o(.text)
    DMA1_Channel4_IRQHandler                 0x080001cf   Thumb Code     0  startup_stm32f103xb.o(.text)
    DMA1_Channel5_IRQHandler                 0x080001cf   Thumb Code     0  startup_stm32f103xb.o(.text)
    DMA1_Channel6_IRQHandler                 0x080001cf   Thumb Code     0  startup_stm32f103xb.o(.text)
    DMA1_Channel7_IRQHandler                 0x080001cf   Thumb Code     0  startup_stm32f103xb.o(.text)
    EXTI0_IRQHandler                         0x080001cf   Thumb Code     0  startup_stm32f103xb.o(.text)
    EXTI15_10_IRQHandler                     0x080001cf   Thumb Code     0  startup_stm32f103xb.o(.text)
    EXTI1_IRQHandler                         0x080001cf   Thumb Code     0  startup_stm32f103xb.o(.text)
    EXTI2_IRQHandler                         0x080001cf   Thumb Code     0  startup_stm32f103xb.o(.text)
    EXTI3_IRQHandler                         0x080001cf   Thumb Code     0  startup_stm32f103xb.o(.text)
    EXTI4_IRQHandler                         0x080001cf   Thumb Code     0  startup_stm32f103xb.o(.text)
    EXTI9_5_IRQHandler                       0x080001cf   Thumb Code     0  startup_stm32f103xb.o(.text)
    FLASH_IRQHandler                         0x080001cf   Thumb Code     0  startup_stm32f103xb.o(.text)
    I2C2_ER_IRQHandler                       0x080001cf   Thumb Code     0  startup_stm32f103xb.o(.text)
    I2C2_EV_IRQHandler                       0x080001cf   Thumb Code     0  startup_stm32f103xb.o(.text)
    PVD_IRQHandler                           0x080001cf   Thumb Code     0  startup_stm32f103xb.o(.text)
    RCC_IRQHandler                           0x080001cf   Thumb Code     0  startup_stm32f103xb.o(.text)
    RTC_Alarm_IRQHandler                     0x080001cf   Thumb Code     0  startup_stm32f103xb.o(.text)
    RTC_IRQHandler                           0x080001cf   Thumb Code     0  startup_stm32f103xb.o(.text)
    SPI1_IRQHandler                          0x080001cf   Thumb Code     0  startup_stm32f103xb.o(.text)
    SPI2_IRQHandler                          0x080001cf   Thumb Code     0  startup_stm32f103xb.o(.text)
    TAMPER_IRQHandler                        0x080001cf   Thumb Code     0  startup_stm32f103xb.o(.text)
    TIM1_BRK_IRQHandler                      0x080001cf   Thumb Code     0  startup_stm32f103xb.o(.text)
    TIM1_CC_IRQHandler                       0x080001cf   Thumb Code     0  startup_stm32f103xb.o(.text)
    TIM1_TRG_COM_IRQHandler                  0x080001cf   Thumb Code     0  startup_stm32f103xb.o(.text)
    TIM1_UP_IRQHandler                       0x080001cf   Thumb Code     0  startup_stm32f103xb.o(.text)
    TIM2_IRQHandler                          0x080001cf   Thumb Code     0  startup_stm32f103xb.o(.text)
    TIM4_IRQHandler                          0x080001cf   Thumb Code     0  startup_stm32f103xb.o(.text)
    USART2_IRQHandler                        0x080001cf   Thumb Code     0  startup_stm32f103xb.o(.text)
    USART3_IRQHandler                        0x080001cf   Thumb Code     0  startup_stm32f103xb.o(.text)
    USBWakeUp_IRQHandler                     0x080001cf   Thumb Code     0  startup_stm32f103xb.o(.text)
    USB_HP_CAN1_TX_IRQHandler                0x080001cf   Thumb Code     0  startup_stm32f103xb.o(.text)
    USB_LP_CAN1_RX0_IRQHandler               0x080001cf   Thumb Code     0  startup_stm32f103xb.o(.text)
    WWDG_IRQHandler                          0x080001cf   Thumb Code     0  startup_stm32f103xb.o(.text)
    __user_initial_stackheap                 0x080001d1   Thumb Code     0  startup_stm32f103xb.o(.text)
    __aeabi_memclr4                          0x080001f5   Thumb Code     0  rt_memclr_w.o(.text)
    __aeabi_memclr8                          0x080001f5   Thumb Code     0  rt_memclr_w.o(.text)
    __rt_memclr_w                            0x080001f5   Thumb Code     0  rt_memclr_w.o(.text)
    _memset_w                                0x080001f9   Thumb Code    74  rt_memclr_w.o(.text)
    __use_two_region_memory                  0x08000243   Thumb Code     2  heapauxi.o(.text)
    __rt_heap_escrow$2region                 0x08000245   Thumb Code     2  heapauxi.o(.text)
    __rt_heap_expand$2region                 0x08000247   Thumb Code     2  heapauxi.o(.text)
    __user_setup_stackheap                   0x08000249   Thumb Code    74  sys_stackheap_outer.o(.text)
    exit                                     0x08000293   Thumb Code    18  exit.o(.text)
    __user_libspace                          0x080002a5   Thumb Code     8  libspace.o(.text)
    __user_perproc_libspace                  0x080002a5   Thumb Code     0  libspace.o(.text)
    __user_perthread_libspace                0x080002a5   Thumb Code     0  libspace.o(.text)
    _sys_exit                                0x080002ad   Thumb Code     8  sys_exit.o(.text)
    __I$use$semihosting                      0x080002b9   Thumb Code     0  use_no_semi.o(.text)
    __use_no_semihosting_swi                 0x080002b9   Thumb Code     2  use_no_semi.o(.text)
    __semihosting_library_function           0x080002bb   Thumb Code     0  indicate_semi.o(.text)
    BusFault_Handler                         0x080002bd   Thumb Code     2  stm32f1xx_it.o(.text.BusFault_Handler)
    DMA1_Channel1_IRQHandler                 0x080005d1   Thumb Code    12  stm32f1xx_it.o(.text.DMA1_Channel1_IRQHandler)
    DebugMon_Handler                         0x080005dd   Thumb Code     2  stm32f1xx_it.o(.text.DebugMon_Handler)
    Error_Handler                            0x080005e1   Thumb Code    10  main.o(.text.Error_Handler)
    HAL_DMA_Abort                            0x080005ed   Thumb Code    64  stm32f1xx_hal_dma.o(.text.HAL_DMA_Abort)
    HAL_DMA_Abort_IT                         0x0800062d   Thumb Code   178  stm32f1xx_hal_dma.o(.text.HAL_DMA_Abort_IT)
    HAL_DMA_GetState                         0x080006e1   Thumb Code     6  stm32f1xx_hal_dma.o(.text.HAL_DMA_GetState)
    HAL_DMA_IRQHandler                       0x080006e9   Thumb Code   360  stm32f1xx_hal_dma.o(.text.HAL_DMA_IRQHandler)
    HAL_Delay                                0x08000851   Thumb Code    40  stm32f1xx_hal.o(.text.HAL_Delay)
    HAL_GPIO_Init                            0x08000879   Thumb Code   514  stm32f1xx_hal_gpio.o(.text.HAL_GPIO_Init)
    HAL_GPIO_ReadPin                         0x08000a7d   Thumb Code    10  stm32f1xx_hal_gpio.o(.text.HAL_GPIO_ReadPin)
    HAL_GPIO_WritePin                        0x08000a89   Thumb Code    10  stm32f1xx_hal_gpio.o(.text.HAL_GPIO_WritePin)
    HAL_GetTick                              0x08000a95   Thumb Code    12  stm32f1xx_hal.o(.text.HAL_GetTick)
    HAL_I2C_AbortCpltCallback                0x08000aa1   Thumb Code     4  main.o(.text.HAL_I2C_AbortCpltCallback)
    HAL_I2C_AddrCallback                     0x08000aa5   Thumb Code     2  stm32f1xx_hal_i2c.o(.text.HAL_I2C_AddrCallback)
    HAL_I2C_ER_IRQHandler                    0x08000aa9   Thumb Code   324  stm32f1xx_hal_i2c.o(.text.HAL_I2C_ER_IRQHandler)
    HAL_I2C_EV_IRQHandler                    0x08000bed   Thumb Code  1510  stm32f1xx_hal_i2c.o(.text.HAL_I2C_EV_IRQHandler)
    HAL_I2C_ErrorCallback                    0x080011d5   Thumb Code     4  main.o(.text.HAL_I2C_ErrorCallback)
    HAL_I2C_Init                             0x080011d9   Thumb Code   368  stm32f1xx_hal_i2c.o(.text.HAL_I2C_Init)
    HAL_I2C_ListenCpltCallback               0x08001349   Thumb Code     2  stm32f1xx_hal_i2c.o(.text.HAL_I2C_ListenCpltCallback)
    HAL_I2C_MasterRxCpltCallback             0x0800134d   Thumb Code     2  stm32f1xx_hal_i2c.o(.text.HAL_I2C_MasterRxCpltCallback)
    HAL_I2C_MasterTxCpltCallback             0x08001351   Thumb Code     2  stm32f1xx_hal_i2c.o(.text.HAL_I2C_MasterTxCpltCallback)
    HAL_I2C_MemRxCpltCallback                0x08001355   Thumb Code     4  main.o(.text.HAL_I2C_MemRxCpltCallback)
    HAL_I2C_MemTxCpltCallback                0x08001359   Thumb Code     4  main.o(.text.HAL_I2C_MemTxCpltCallback)
    HAL_I2C_Mem_Read_IT                      0x0800135d   Thumb Code   246  stm32f1xx_hal_i2c.o(.text.HAL_I2C_Mem_Read_IT)
    HAL_I2C_Mem_Write_IT                     0x08001455   Thumb Code   230  stm32f1xx_hal_i2c.o(.text.HAL_I2C_Mem_Write_IT)
    HAL_I2C_MspInit                          0x0800153d   Thumb Code   160  i2c.o(.text.HAL_I2C_MspInit)
    HAL_I2C_SlaveRxCpltCallback              0x080015dd   Thumb Code     2  stm32f1xx_hal_i2c.o(.text.HAL_I2C_SlaveRxCpltCallback)
    HAL_I2C_SlaveTxCpltCallback              0x080015e1   Thumb Code     2  stm32f1xx_hal_i2c.o(.text.HAL_I2C_SlaveTxCpltCallback)
    HAL_IncTick                              0x080015e5   Thumb Code    26  stm32f1xx_hal.o(.text.HAL_IncTick)
    HAL_Init                                 0x08001601   Thumb Code    38  stm32f1xx_hal.o(.text.HAL_Init)
    HAL_InitTick                             0x08001629   Thumb Code    80  stm32f1xx_hal.o(.text.HAL_InitTick)
    HAL_MspInit                              0x08001679   Thumb Code    80  stm32f1xx_hal_msp.o(.text.HAL_MspInit)
    HAL_NVIC_EnableIRQ                       0x080016c9   Thumb Code    34  stm32f1xx_hal_cortex.o(.text.HAL_NVIC_EnableIRQ)
    HAL_NVIC_SetPriority                     0x080016ed   Thumb Code    86  stm32f1xx_hal_cortex.o(.text.HAL_NVIC_SetPriority)
    HAL_NVIC_SetPriorityGrouping             0x08001745   Thumb Code    32  stm32f1xx_hal_cortex.o(.text.HAL_NVIC_SetPriorityGrouping)
    HAL_RCCEx_PeriphCLKConfig                0x08001765   Thumb Code   254  stm32f1xx_hal_rcc_ex.o(.text.HAL_RCCEx_PeriphCLKConfig)
    HAL_RCC_ClockConfig                      0x08001865   Thumb Code   434  stm32f1xx_hal_rcc.o(.text.HAL_RCC_ClockConfig)
    HAL_RCC_GetPCLK1Freq                     0x08001a19   Thumb Code    38  stm32f1xx_hal_rcc.o(.text.HAL_RCC_GetPCLK1Freq)
    HAL_RCC_GetPCLK2Freq                     0x08001a41   Thumb Code    38  stm32f1xx_hal_rcc.o(.text.HAL_RCC_GetPCLK2Freq)
    HAL_RCC_OscConfig                        0x08001a69   Thumb Code   824  stm32f1xx_hal_rcc.o(.text.HAL_RCC_OscConfig)
    HAL_SYSTICK_Config                       0x08001da1   Thumb Code    44  stm32f1xx_hal_cortex.o(.text.HAL_SYSTICK_Config)
    HAL_TIMEx_BreakCallback                  0x08001dcd   Thumb Code     2  stm32f1xx_hal_tim_ex.o(.text.HAL_TIMEx_BreakCallback)
    HAL_TIMEx_CommutCallback                 0x08001dd1   Thumb Code     2  stm32f1xx_hal_tim_ex.o(.text.HAL_TIMEx_CommutCallback)
    HAL_TIMEx_ConfigBreakDeadTime            0x08001dd5   Thumb Code    76  stm32f1xx_hal_tim_ex.o(.text.HAL_TIMEx_ConfigBreakDeadTime)
    HAL_TIMEx_MasterConfigSynchronization    0x08001e21   Thumb Code   122  stm32f1xx_hal_tim_ex.o(.text.HAL_TIMEx_MasterConfigSynchronization)
    HAL_TIM_Base_Init                        0x08001e9d   Thumb Code   230  stm32f1xx_hal_tim.o(.text.HAL_TIM_Base_Init)
    HAL_TIM_Base_MspInit                     0x08001f85   Thumb Code   184  tim.o(.text.HAL_TIM_Base_MspInit)
    HAL_TIM_ConfigClockSource                0x0800203d   Thumb Code   416  stm32f1xx_hal_tim.o(.text.HAL_TIM_ConfigClockSource)
    HAL_TIM_IC_CaptureCallback               0x080021dd   Thumb Code    14  main.o(.text.HAL_TIM_IC_CaptureCallback)
    HAL_TIM_IC_ConfigChannel                 0x080021ed   Thumb Code   370  stm32f1xx_hal_tim.o(.text.HAL_TIM_IC_ConfigChannel)
    HAL_TIM_IC_Init                          0x08002361   Thumb Code   230  stm32f1xx_hal_tim.o(.text.HAL_TIM_IC_Init)
    HAL_TIM_IC_MspInit                       0x08002449   Thumb Code     2  stm32f1xx_hal_tim.o(.text.HAL_TIM_IC_MspInit)
    HAL_TIM_IC_Start_IT                      0x0800244d   Thumb Code   278  stm32f1xx_hal_tim.o(.text.HAL_TIM_IC_Start_IT)
    HAL_TIM_IRQHandler                       0x08002565   Thumb Code   330  stm32f1xx_hal_tim.o(.text.HAL_TIM_IRQHandler)
    HAL_TIM_OC_DelayElapsedCallback          0x080026b1   Thumb Code     2  stm32f1xx_hal_tim.o(.text.HAL_TIM_OC_DelayElapsedCallback)
    HAL_TIM_PWM_ConfigChannel                0x080026b5   Thumb Code   510  stm32f1xx_hal_tim.o(.text.HAL_TIM_PWM_ConfigChannel)
    HAL_TIM_PWM_Init                         0x080028b5   Thumb Code   230  stm32f1xx_hal_tim.o(.text.HAL_TIM_PWM_Init)
    HAL_TIM_PWM_MspInit                      0x0800299d   Thumb Code    48  tim.o(.text.HAL_TIM_PWM_MspInit)
    HAL_TIM_PWM_PulseFinishedCallback        0x080029cd   Thumb Code     2  stm32f1xx_hal_tim.o(.text.HAL_TIM_PWM_PulseFinishedCallback)
    HAL_TIM_PWM_Start                        0x080029d1   Thumb Code   184  stm32f1xx_hal_tim.o(.text.HAL_TIM_PWM_Start)
    HAL_TIM_PeriodElapsedCallback            0x08002a89   Thumb Code     2  stm32f1xx_hal_tim.o(.text.HAL_TIM_PeriodElapsedCallback)
    HAL_TIM_ReadCapturedValue                0x08002a8d   Thumb Code    22  stm32f1xx_hal_tim.o(.text.HAL_TIM_ReadCapturedValue)
    HAL_TIM_TriggerCallback                  0x08002aa5   Thumb Code     2  stm32f1xx_hal_tim.o(.text.HAL_TIM_TriggerCallback)
    HAL_UARTEx_RxEventCallback               0x08002aa9   Thumb Code     2  stm32f1xx_hal_uart.o(.text.HAL_UARTEx_RxEventCallback)
    HAL_UART_ErrorCallback                   0x08002aad   Thumb Code    30  main.o(.text.HAL_UART_ErrorCallback)
    HAL_UART_IRQHandler                      0x08002acd   Thumb Code   770  stm32f1xx_hal_uart.o(.text.HAL_UART_IRQHandler)
    HAL_UART_Init                            0x08002dd1   Thumb Code   224  stm32f1xx_hal_uart.o(.text.HAL_UART_Init)
    HAL_UART_MspInit                         0x08002eb1   Thumb Code   156  usart.o(.text.HAL_UART_MspInit)
    HAL_UART_RxCpltCallback                  0x08002f4d   Thumb Code     2  stm32f1xx_hal_uart.o(.text.HAL_UART_RxCpltCallback)
    HAL_UART_TxCpltCallback                  0x08002f51   Thumb Code    30  main.o(.text.HAL_UART_TxCpltCallback)
    HCSR04_Init                              0x08002f71   Thumb Code    30  hcsr04.o(.text.HCSR04_Init)
    HCSR04_ReadDistanceCm                    0x08002f91   Thumb Code    34  hcsr04.o(.text.HCSR04_ReadDistanceCm)
    HCSR04_TIM_IC_Callback                   0x08002fb5   Thumb Code   100  hcsr04.o(.text.HCSR04_TIM_IC_Callback)
    HCSR04_Trigger                           0x08003019   Thumb Code   114  hcsr04.o(.text.HCSR04_Trigger)
    HardFault_Handler                        0x0800308d   Thumb Code     2  stm32f1xx_it.o(.text.HardFault_Handler)
    I2C1_ER_IRQHandler                       0x08003091   Thumb Code    12  stm32f1xx_it.o(.text.I2C1_ER_IRQHandler)
    I2C1_EV_IRQHandler                       0x0800309d   Thumb Code    12  stm32f1xx_it.o(.text.I2C1_EV_IRQHandler)
    MX_DMA_Init                              0x08003b61   Thumb Code    52  dma.o(.text.MX_DMA_Init)
    MX_GPIO_Init                             0x08003b95   Thumb Code   168  gpio.o(.text.MX_GPIO_Init)
    MX_I2C1_Init                             0x08003c3d   Thumb Code    66  i2c.o(.text.MX_I2C1_Init)
    MX_TIM1_Init                             0x08003c81   Thumb Code   334  tim.o(.text.MX_TIM1_Init)
    MX_TIM2_Init                             0x08003dd1   Thumb Code   328  tim.o(.text.MX_TIM2_Init)
    MX_TIM3_Init                             0x08003f19   Thumb Code   186  tim.o(.text.MX_TIM3_Init)
    MX_USART1_UART_Init                      0x08003fd5   Thumb Code    60  usart.o(.text.MX_USART1_UART_Init)
    MemManage_Handler                        0x08004011   Thumb Code     2  stm32f1xx_it.o(.text.MemManage_Handler)
    NMI_Handler                              0x080041ed   Thumb Code     2  stm32f1xx_it.o(.text.NMI_Handler)
    PendSV_Handler                           0x080041f1   Thumb Code     2  stm32f1xx_it.o(.text.PendSV_Handler)
    SVC_Handler                              0x0800445d   Thumb Code     2  stm32f1xx_it.o(.text.SVC_Handler)
    ServoNB_Init                             0x08004461   Thumb Code    74  servo_nb.o(.text.ServoNB_Init)
    ServoNB_IsMoving                         0x080044ad   Thumb Code    12  servo_nb.o(.text.ServoNB_IsMoving)
    ServoNB_MoveToAngle                      0x080044b9   Thumb Code   110  servo_nb.o(.text.ServoNB_MoveToAngle)
    ServoNB_Start                            0x08004529   Thumb Code    92  servo_nb.o(.text.ServoNB_Start)
    ServoNB_Task                             0x08004585   Thumb Code   150  servo_nb.o(.text.ServoNB_Task)
    ServoNB_WriteAngle                       0x0800461d   Thumb Code   146  servo_nb.o(.text.ServoNB_WriteAngle)
    SysTick_Handler                          0x080046b1   Thumb Code     4  stm32f1xx_it.o(.text.SysTick_Handler)
    SystemInit                               0x080046b5   Thumb Code     2  system_stm32f1xx.o(.text.SystemInit)
    TCS34725_GetCurrentColor                 0x080046b9   Thumb Code    12  tcs34725.o(.text.TCS34725_GetCurrentColor)
    TCS34725_GetLastRaw                      0x080046c5   Thumb Code    16  tcs34725.o(.text.TCS34725_GetLastRaw)
    TCS34725_GetStatus                       0x080046d5   Thumb Code    30  tcs34725.o(.text.TCS34725_GetStatus)
    TCS34725_I2C_AbortCpltCallback           0x080046f5   Thumb Code    46  tcs34725.o(.text.TCS34725_I2C_AbortCpltCallback)
    TCS34725_I2C_ErrorCallback               0x08004725   Thumb Code    46  tcs34725.o(.text.TCS34725_I2C_ErrorCallback)
    TCS34725_I2C_MemRxCpltCallback           0x08004755   Thumb Code    54  tcs34725.o(.text.TCS34725_I2C_MemRxCpltCallback)
    TCS34725_I2C_MemTxCpltCallback           0x0800478d   Thumb Code    54  tcs34725.o(.text.TCS34725_I2C_MemTxCpltCallback)
    TCS34725_Init                            0x080047c5   Thumb Code    98  tcs34725.o(.text.TCS34725_Init)
    TCS34725_Task                            0x08004829   Thumb Code  1438  tcs34725.o(.text.TCS34725_Task)
    TIM3_IRQHandler                          0x08004dc9   Thumb Code    12  stm32f1xx_it.o(.text.TIM3_IRQHandler)
    USART1_IRQHandler                        0x08004ea1   Thumb Code    12  stm32f1xx_it.o(.text.USART1_IRQHandler)
    UsageFault_Handler                       0x08004ead   Thumb Code     2  stm32f1xx_it.o(.text.UsageFault_Handler)
    main                                     0x08004eb1   Thumb Code  4476  main.o(.text.main)
    AHBPrescTable                            0x0800603c   Data          16  system_stm32f1xx.o(.rodata.AHBPrescTable)
    APBPrescTable                            0x0800604c   Data           8  system_stm32f1xx.o(.rodata.APBPrescTable)
    Region$$Table$$Base                      0x08006098   Number         0  anon$$obj.o(Region$$Table)
    Region$$Table$$Limit                     0x080060b8   Number         0  anon$$obj.o(Region$$Table)
    SystemCoreClock                          0x20000000   Data           4  system_stm32f1xx.o(.data.SystemCoreClock)
    dbg_line5_speed_cmd                      0x20000006   Data           2  main.o(.data.dbg_line5_speed_cmd)
    uwTickFreq                               0x2000000a   Data           1  stm32f1xx_hal.o(.data.uwTickFreq)
    uwTickPrio                               0x2000000c   Data           4  stm32f1xx_hal.o(.data.uwTickPrio)
    __libspace_start                         0x20000010   Data          96  libspace.o(.bss)
    __temporary_stack_top$libspace           0x20000070   Data           0  libspace.o(.bss)
    dbg_avoid_return_state                   0x20000082   Data           1  main.o(.bss.dbg_avoid_return_state)
    dbg_color_sample_count                   0x20000083   Data           1  main.o(.bss.dbg_color_sample_count)
    dbg_color_vote_blue                      0x20000084   Data           1  main.o(.bss.dbg_color_vote_blue)
    dbg_color_vote_green                     0x20000085   Data           1  main.o(.bss.dbg_color_vote_green)
    dbg_color_vote_red                       0x20000086   Data           1  main.o(.bss.dbg_color_vote_red)
    dbg_color_vote_yellow                    0x20000087   Data           1  main.o(.bss.dbg_color_vote_yellow)
    dbg_distance_age_ms                      0x20000088   Data           4  main.o(.bss.dbg_distance_age_ms)
    dbg_distance_cm                          0x2000008c   Data           4  main.o(.bss.dbg_distance_cm)
    dbg_distance_fresh                       0x20000090   Data           1  main.o(.bss.dbg_distance_fresh)
    dbg_finish_marker_count                  0x20000092   Data           2  main.o(.bss.dbg_finish_marker_count)
    dbg_has_target_color                     0x20000094   Data           1  main.o(.bss.dbg_has_target_color)
    dbg_line5_center_lost                    0x20000095   Data           1  main.o(.bss.dbg_line5_center_lost)
    dbg_line5_correction                     0x20000096   Data           2  main.o(.bss.dbg_line5_correction)
    dbg_line5_error                          0x20000098   Data           2  main.o(.bss.dbg_line5_error)
    dbg_line5_last_mask                      0x2000009a   Data           1  main.o(.bss.dbg_line5_last_mask)
    dbg_line5_lost_count                     0x2000009c   Data           2  main.o(.bss.dbg_line5_lost_count)
    dbg_line5_mask                           0x2000009e   Data           1  main.o(.bss.dbg_line5_mask)
    dbg_line5_recovery_dir                   0x2000009f   Data           1  main.o(.bss.dbg_line5_recovery_dir)
    dbg_line5_remember                       0x200000a0   Data           1  main.o(.bss.dbg_line5_remember)
    dbg_line5_search_phase                   0x200000a1   Data           1  main.o(.bss.dbg_line5_search_phase)
    dbg_robot_state                          0x200000a2   Data           1  main.o(.bss.dbg_robot_state)
    dbg_target_color                         0x200000a3   Data           1  main.o(.bss.dbg_target_color)
    dbg_tcs_b                                0x200000a4   Data           2  main.o(.bss.dbg_tcs_b)
    dbg_tcs_c                                0x200000a6   Data           2  main.o(.bss.dbg_tcs_c)
    dbg_tcs_color                            0x200000a8   Data           1  main.o(.bss.dbg_tcs_color)
    dbg_tcs_g                                0x200000aa   Data           2  main.o(.bss.dbg_tcs_g)
    dbg_tcs_r                                0x200000ac   Data           2  main.o(.bss.dbg_tcs_r)
    dbg_tcs_status                           0x200000ae   Data           1  main.o(.bss.dbg_tcs_status)
    distance_cm                              0x200000b0   Data           4  main.o(.bss.distance_cm)
    hcsr04                                   0x200000bc   Data          32  main.o(.bss.hcsr04)
    hdma_adc1                                0x200000dc   Data          68  adc.o(.bss.hdma_adc1)
    hi2c1                                    0x20000120   Data          84  i2c.o(.bss.hi2c1)
    htim1                                    0x20000174   Data          72  tim.o(.bss.htim1)
    htim2                                    0x200001bc   Data          72  tim.o(.bss.htim2)
    htim3                                    0x20000204   Data          72  tim.o(.bss.htim3)
    huart1                                   0x2000024c   Data          72  usart.o(.bss.huart1)
    servo1                                   0x200002d0   Data          36  main.o(.bss.servo1)
    servo2                                   0x200002f4   Data          36  main.o(.bss.servo2)
    uwTick                                   0x20000320   Data           4  stm32f1xx_hal.o(.bss.uwTick)



==============================================================================

Memory Map of the image

  Image Entry point : 0x080000ed

  Load Region LR_IROM1 (Base: 0x08000000, Size: 0x000060c8, Max: 0x00010000, ABSOLUTE)

    Execution Region ER_IROM1 (Exec base: 0x08000000, Load base: 0x08000000, Size: 0x000060b8, Max: 0x00010000, ABSOLUTE)

    Exec Addr    Load Addr    Size         Type   Attr      Idx    E Section Name        Object

    0x08000000   0x08000000   0x000000ec   Data   RO            3    RESET               startup_stm32f103xb.o
    0x080000ec   0x080000ec   0x00000008   Code   RO         1375  * !!!main             c_w.l(__main.o)
    0x080000f4   0x080000f4   0x0000005c   Code   RO         1559    !!!scatter          c_w.l(__scatter.o)
    0x08000150   0x08000150   0x0000001a   Code   RO         1563    !!handler_copy      c_w.l(__scatter_copy.o)
    0x0800016a   0x0800016a   0x00000002   PAD
    0x0800016c   0x0800016c   0x00000002   Code   RO         1560    !!handler_null      c_w.l(__scatter.o)
    0x0800016e   0x0800016e   0x00000002   PAD
    0x08000170   0x08000170   0x0000001c   Code   RO         1565    !!handler_zi        c_w.l(__scatter_zi.o)
    0x0800018c   0x0800018c   0x00000002   Code   RO         1421    .ARM.Collect$$libinit$$00000000  c_w.l(libinit.o)
    0x0800018e   0x0800018e   0x00000000   Code   RO         1428    .ARM.Collect$$libinit$$00000002  c_w.l(libinit2.o)
    0x0800018e   0x0800018e   0x00000000   Code   RO         1430    .ARM.Collect$$libinit$$00000004  c_w.l(libinit2.o)
    0x0800018e   0x0800018e   0x00000000   Code   RO         1432    .ARM.Collect$$libinit$$00000006  c_w.l(libinit2.o)
    0x0800018e   0x0800018e   0x00000000   Code   RO         1435    .ARM.Collect$$libinit$$0000000C  c_w.l(libinit2.o)
    0x0800018e   0x0800018e   0x00000000   Code   RO         1437    .ARM.Collect$$libinit$$0000000E  c_w.l(libinit2.o)
    0x0800018e   0x0800018e   0x00000000   Code   RO         1439    .ARM.Collect$$libinit$$00000010  c_w.l(libinit2.o)
    0x0800018e   0x0800018e   0x00000000   Code   RO         1442    .ARM.Collect$$libinit$$00000013  c_w.l(libinit2.o)
    0x0800018e   0x0800018e   0x00000000   Code   RO         1444    .ARM.Collect$$libinit$$00000015  c_w.l(libinit2.o)
    0x0800018e   0x0800018e   0x00000000   Code   RO         1446    .ARM.Collect$$libinit$$00000017  c_w.l(libinit2.o)
    0x0800018e   0x0800018e   0x00000000   Code   RO         1448    .ARM.Collect$$libinit$$00000019  c_w.l(libinit2.o)
    0x0800018e   0x0800018e   0x00000000   Code   RO         1450    .ARM.Collect$$libinit$$0000001B  c_w.l(libinit2.o)
    0x0800018e   0x0800018e   0x00000000   Code   RO         1452    .ARM.Collect$$libinit$$0000001D  c_w.l(libinit2.o)
    0x0800018e   0x0800018e   0x00000000   Code   RO         1454    .ARM.Collect$$libinit$$0000001F  c_w.l(libinit2.o)
    0x0800018e   0x0800018e   0x00000000   Code   RO         1456    .ARM.Collect$$libinit$$00000021  c_w.l(libinit2.o)
    0x0800018e   0x0800018e   0x00000000   Code   RO         1458    .ARM.Collect$$libinit$$00000023  c_w.l(libinit2.o)
    0x0800018e   0x0800018e   0x00000000   Code   RO         1460    .ARM.Collect$$libinit$$00000025  c_w.l(libinit2.o)
    0x0800018e   0x0800018e   0x00000000   Code   RO         1462    .ARM.Collect$$libinit$$00000027  c_w.l(libinit2.o)
    0x0800018e   0x0800018e   0x00000000   Code   RO         1466    .ARM.Collect$$libinit$$0000002E  c_w.l(libinit2.o)
    0x0800018e   0x0800018e   0x00000000   Code   RO         1468    .ARM.Collect$$libinit$$00000030  c_w.l(libinit2.o)
    0x0800018e   0x0800018e   0x00000000   Code   RO         1470    .ARM.Collect$$libinit$$00000032  c_w.l(libinit2.o)
    0x0800018e   0x0800018e   0x00000000   Code   RO         1472    .ARM.Collect$$libinit$$00000034  c_w.l(libinit2.o)
    0x0800018e   0x0800018e   0x00000002   Code   RO         1473    .ARM.Collect$$libinit$$00000035  c_w.l(libinit2.o)
    0x08000190   0x08000190   0x00000002   Code   RO         1495    .ARM.Collect$$libshutdown$$00000000  c_w.l(libshutdown.o)
    0x08000192   0x08000192   0x00000000   Code   RO         1510    .ARM.Collect$$libshutdown$$00000002  c_w.l(libshutdown2.o)
    0x08000192   0x08000192   0x00000000   Code   RO         1512    .ARM.Collect$$libshutdown$$00000004  c_w.l(libshutdown2.o)
    0x08000192   0x08000192   0x00000000   Code   RO         1515    .ARM.Collect$$libshutdown$$00000007  c_w.l(libshutdown2.o)
    0x08000192   0x08000192   0x00000000   Code   RO         1518    .ARM.Collect$$libshutdown$$0000000A  c_w.l(libshutdown2.o)
    0x08000192   0x08000192   0x00000000   Code   RO         1520    .ARM.Collect$$libshutdown$$0000000C  c_w.l(libshutdown2.o)
    0x08000192   0x08000192   0x00000000   Code   RO         1523    .ARM.Collect$$libshutdown$$0000000F  c_w.l(libshutdown2.o)
    0x08000192   0x08000192   0x00000002   Code   RO         1524    .ARM.Collect$$libshutdown$$00000010  c_w.l(libshutdown2.o)
    0x08000194   0x08000194   0x00000000   Code   RO         1391    .ARM.Collect$$rtentry$$00000000  c_w.l(__rtentry.o)
    0x08000194   0x08000194   0x00000000   Code   RO         1398    .ARM.Collect$$rtentry$$00000002  c_w.l(__rtentry2.o)
    0x08000194   0x08000194   0x00000006   Code   RO         1410    .ARM.Collect$$rtentry$$00000004  c_w.l(__rtentry4.o)
    0x0800019a   0x0800019a   0x00000000   Code   RO         1400    .ARM.Collect$$rtentry$$00000009  c_w.l(__rtentry2.o)
    0x0800019a   0x0800019a   0x00000004   Code   RO         1401    .ARM.Collect$$rtentry$$0000000A  c_w.l(__rtentry2.o)
    0x0800019e   0x0800019e   0x00000000   Code   RO         1403    .ARM.Collect$$rtentry$$0000000C  c_w.l(__rtentry2.o)
    0x0800019e   0x0800019e   0x00000008   Code   RO         1404    .ARM.Collect$$rtentry$$0000000D  c_w.l(__rtentry2.o)
    0x080001a6   0x080001a6   0x00000002   Code   RO         1425    .ARM.Collect$$rtexit$$00000000  c_w.l(rtexit.o)
    0x080001a8   0x080001a8   0x00000000   Code   RO         1475    .ARM.Collect$$rtexit$$00000002  c_w.l(rtexit2.o)
    0x080001a8   0x080001a8   0x00000004   Code   RO         1476    .ARM.Collect$$rtexit$$00000003  c_w.l(rtexit2.o)
    0x080001ac   0x080001ac   0x00000006   Code   RO         1477    .ARM.Collect$$rtexit$$00000004  c_w.l(rtexit2.o)
    0x080001b2   0x080001b2   0x00000002   PAD
    0x080001b4   0x080001b4   0x00000040   Code   RO            4    .text               startup_stm32f103xb.o
    0x080001f4   0x080001f4   0x0000004e   Code   RO         1371    .text               c_w.l(rt_memclr_w.o)
    0x08000242   0x08000242   0x00000006   Code   RO         1373    .text               c_w.l(heapauxi.o)
    0x08000248   0x08000248   0x0000004a   Code   RO         1412    .text               c_w.l(sys_stackheap_outer.o)
    0x08000292   0x08000292   0x00000012   Code   RO         1414    .text               c_w.l(exit.o)
    0x080002a4   0x080002a4   0x00000008   Code   RO         1422    .text               c_w.l(libspace.o)
    0x080002ac   0x080002ac   0x0000000c   Code   RO         1485    .text               c_w.l(sys_exit.o)
    0x080002b8   0x080002b8   0x00000002   Code   RO         1500    .text               c_w.l(use_no_semi.o)
    0x080002ba   0x080002ba   0x00000000   Code   RO         1502    .text               c_w.l(indicate_semi.o)
    0x080002ba   0x080002ba   0x00000002   PAD
    0x080002bc   0x080002bc   0x00000002   Code   RO          299    .text.BusFault_Handler  stm32f1xx_it.o
    0x080002be   0x080002be   0x00000002   PAD
    0x080002c0   0x080002c0   0x00000082   Code   RO          127    .text.ColorStable_Reset  main.o
    0x08000342   0x08000342   0x00000002   PAD
    0x08000344   0x08000344   0x0000028c   Code   RO          131    .text.ColorStable_Task  main.o
    0x080005d0   0x080005d0   0x0000000c   Code   RO          311    .text.DMA1_Channel1_IRQHandler  stm32f1xx_it.o
    0x080005dc   0x080005dc   0x00000002   Code   RO          305    .text.DebugMon_Handler  stm32f1xx_it.o
    0x080005de   0x080005de   0x00000002   PAD
    0x080005e0   0x080005e0   0x0000000a   Code   RO          107    .text.Error_Handler  main.o
    0x080005ea   0x080005ea   0x00000002   PAD
    0x080005ec   0x080005ec   0x00000040   Code   RO          593    .text.HAL_DMA_Abort  stm32f1xx_hal_dma.o
    0x0800062c   0x0800062c   0x000000b2   Code   RO          595    .text.HAL_DMA_Abort_IT  stm32f1xx_hal_dma.o
    0x080006de   0x080006de   0x00000002   PAD
    0x080006e0   0x080006e0   0x00000006   Code   RO          605    .text.HAL_DMA_GetState  stm32f1xx_hal_dma.o
    0x080006e6   0x080006e6   0x00000002   PAD
    0x080006e8   0x080006e8   0x00000168   Code   RO          599    .text.HAL_DMA_IRQHandler  stm32f1xx_hal_dma.o
    0x08000850   0x08000850   0x00000028   Code   RO          468    .text.HAL_Delay     stm32f1xx_hal.o
    0x08000878   0x08000878   0x00000202   Code   RO          561    .text.HAL_GPIO_Init  stm32f1xx_hal_gpio.o
    0x08000a7a   0x08000a7a   0x00000002   PAD
    0x08000a7c   0x08000a7c   0x0000000a   Code   RO          565    .text.HAL_GPIO_ReadPin  stm32f1xx_hal_gpio.o
    0x08000a86   0x08000a86   0x00000002   PAD
    0x08000a88   0x08000a88   0x0000000a   Code   RO          567    .text.HAL_GPIO_WritePin  stm32f1xx_hal_gpio.o
    0x08000a92   0x08000a92   0x00000002   PAD
    0x08000a94   0x08000a94   0x0000000c   Code   RO          460    .text.HAL_GetTick   stm32f1xx_hal.o
    0x08000aa0   0x08000aa0   0x00000004   Code   RO          121    .text.HAL_I2C_AbortCpltCallback  main.o
    0x08000aa4   0x08000aa4   0x00000002   Code   RO          888    .text.HAL_I2C_AddrCallback  stm32f1xx_hal_i2c.o
    0x08000aa6   0x08000aa6   0x00000002   PAD
    0x08000aa8   0x08000aa8   0x00000144   Code   RO          878    .text.HAL_I2C_ER_IRQHandler  stm32f1xx_hal_i2c.o
    0x08000bec   0x08000bec   0x000005e6   Code   RO          866    .text.HAL_I2C_EV_IRQHandler  stm32f1xx_hal_i2c.o
    0x080011d2   0x080011d2   0x00000002   PAD
    0x080011d4   0x080011d4   0x00000004   Code   RO          119    .text.HAL_I2C_ErrorCallback  main.o
    0x080011d8   0x080011d8   0x00000170   Code   RO          782    .text.HAL_I2C_Init  stm32f1xx_hal_i2c.o
    0x08001348   0x08001348   0x00000002   Code   RO          890    .text.HAL_I2C_ListenCpltCallback  stm32f1xx_hal_i2c.o
    0x0800134a   0x0800134a   0x00000002   PAD
    0x0800134c   0x0800134c   0x00000002   Code   RO          882    .text.HAL_I2C_MasterRxCpltCallback  stm32f1xx_hal_i2c.o
    0x0800134e   0x0800134e   0x00000002   PAD
    0x08001350   0x08001350   0x00000002   Code   RO          880    .text.HAL_I2C_MasterTxCpltCallback  stm32f1xx_hal_i2c.o
    0x08001352   0x08001352   0x00000002   PAD
    0x08001354   0x08001354   0x00000004   Code   RO          117    .text.HAL_I2C_MemRxCpltCallback  main.o
    0x08001358   0x08001358   0x00000004   Code   RO          115    .text.HAL_I2C_MemTxCpltCallback  main.o
    0x0800135c   0x0800135c   0x000000f6   Code   RO          832    .text.HAL_I2C_Mem_Read_IT  stm32f1xx_hal_i2c.o
    0x08001452   0x08001452   0x00000002   PAD
    0x08001454   0x08001454   0x000000e6   Code   RO          830    .text.HAL_I2C_Mem_Write_IT  stm32f1xx_hal_i2c.o
    0x0800153a   0x0800153a   0x00000002   PAD
    0x0800153c   0x0800153c   0x000000a0   Code   RO          238    .text.HAL_I2C_MspInit  i2c.o
    0x080015dc   0x080015dc   0x00000002   Code   RO          886    .text.HAL_I2C_SlaveRxCpltCallback  stm32f1xx_hal_i2c.o
    0x080015de   0x080015de   0x00000002   PAD
    0x080015e0   0x080015e0   0x00000002   Code   RO          884    .text.HAL_I2C_SlaveTxCpltCallback  stm32f1xx_hal_i2c.o
    0x080015e2   0x080015e2   0x00000002   PAD
    0x080015e4   0x080015e4   0x0000001a   Code   RO          458    .text.HAL_IncTick   stm32f1xx_hal.o
    0x080015fe   0x080015fe   0x00000002   PAD
    0x08001600   0x08001600   0x00000026   Code   RO          448    .text.HAL_Init      stm32f1xx_hal.o
    0x08001626   0x08001626   0x00000002   PAD
    0x08001628   0x08001628   0x00000050   Code   RO          450    .text.HAL_InitTick  stm32f1xx_hal.o
    0x08001678   0x08001678   0x00000050   Code   RO          328    .text.HAL_MspInit   stm32f1xx_hal_msp.o
    0x080016c8   0x080016c8   0x00000022   Code   RO          621    .text.HAL_NVIC_EnableIRQ  stm32f1xx_hal_cortex.o
    0x080016ea   0x080016ea   0x00000002   PAD
    0x080016ec   0x080016ec   0x00000056   Code   RO          619    .text.HAL_NVIC_SetPriority  stm32f1xx_hal_cortex.o
    0x08001742   0x08001742   0x00000002   PAD
    0x08001744   0x08001744   0x00000020   Code   RO          617    .text.HAL_NVIC_SetPriorityGrouping  stm32f1xx_hal_cortex.o
    0x08001764   0x08001764   0x000000fe   Code   RO          547    .text.HAL_RCCEx_PeriphCLKConfig  stm32f1xx_hal_rcc_ex.o
    0x08001862   0x08001862   0x00000002   PAD
    0x08001864   0x08001864   0x000001b2   Code   RO          513    .text.HAL_RCC_ClockConfig  stm32f1xx_hal_rcc.o
    0x08001a16   0x08001a16   0x00000002   PAD
    0x08001a18   0x08001a18   0x00000026   Code   RO          525    .text.HAL_RCC_GetPCLK1Freq  stm32f1xx_hal_rcc.o
    0x08001a3e   0x08001a3e   0x00000002   PAD
    0x08001a40   0x08001a40   0x00000026   Code   RO          527    .text.HAL_RCC_GetPCLK2Freq  stm32f1xx_hal_rcc.o
    0x08001a66   0x08001a66   0x00000002   PAD
    0x08001a68   0x08001a68   0x00000338   Code   RO          511    .text.HAL_RCC_OscConfig  stm32f1xx_hal_rcc.o
    0x08001da0   0x08001da0   0x0000002c   Code   RO          629    .text.HAL_SYSTICK_Config  stm32f1xx_hal_cortex.o
    0x08001dcc   0x08001dcc   0x00000002   Code   RO         1221    .text.HAL_TIMEx_BreakCallback  stm32f1xx_hal_tim_ex.o
    0x08001dce   0x08001dce   0x00000002   PAD
    0x08001dd0   0x08001dd0   0x00000002   Code   RO         1217    .text.HAL_TIMEx_CommutCallback  stm32f1xx_hal_tim_ex.o
    0x08001dd2   0x08001dd2   0x00000002   PAD
    0x08001dd4   0x08001dd4   0x0000004c   Code   RO         1213    .text.HAL_TIMEx_ConfigBreakDeadTime  stm32f1xx_hal_tim_ex.o
    0x08001e20   0x08001e20   0x0000007a   Code   RO         1211    .text.HAL_TIMEx_MasterConfigSynchronization  stm32f1xx_hal_tim_ex.o
    0x08001e9a   0x08001e9a   0x00000002   PAD
    0x08001e9c   0x08001e9c   0x000000e6   Code   RO          916    .text.HAL_TIM_Base_Init  stm32f1xx_hal_tim.o
    0x08001f82   0x08001f82   0x00000002   PAD
    0x08001f84   0x08001f84   0x000000b8   Code   RO          261    .text.HAL_TIM_Base_MspInit  tim.o
    0x0800203c   0x0800203c   0x000001a0   Code   RO         1096    .text.HAL_TIM_ConfigClockSource  stm32f1xx_hal_tim.o
    0x080021dc   0x080021dc   0x0000000e   Code   RO          109    .text.HAL_TIM_IC_CaptureCallback  main.o
    0x080021ea   0x080021ea   0x00000002   PAD
    0x080021ec   0x080021ec   0x00000172   Code   RO         1066    .text.HAL_TIM_IC_ConfigChannel  stm32f1xx_hal_tim.o
    0x0800235e   0x0800235e   0x00000002   PAD
    0x08002360   0x08002360   0x000000e6   Code   RO          990    .text.HAL_TIM_IC_Init  stm32f1xx_hal_tim.o
    0x08002446   0x08002446   0x00000002   PAD
    0x08002448   0x08002448   0x00000002   Code   RO          992    .text.HAL_TIM_IC_MspInit  stm32f1xx_hal_tim.o
    0x0800244a   0x0800244a   0x00000002   PAD
    0x0800244c   0x0800244c   0x00000116   Code   RO         1002    .text.HAL_TIM_IC_Start_IT  stm32f1xx_hal_tim.o
    0x08002562   0x08002562   0x00000002   PAD
    0x08002564   0x08002564   0x0000014a   Code   RO         1050    .text.HAL_TIM_IRQHandler  stm32f1xx_hal_tim.o
    0x080026ae   0x080026ae   0x00000002   PAD
    0x080026b0   0x080026b0   0x00000002   Code   RO         1054    .text.HAL_TIM_OC_DelayElapsedCallback  stm32f1xx_hal_tim.o
    0x080026b2   0x080026b2   0x00000002   PAD
    0x080026b4   0x080026b4   0x000001fe   Code   RO         1070    .text.HAL_TIM_PWM_ConfigChannel  stm32f1xx_hal_tim.o
    0x080028b2   0x080028b2   0x00000002   PAD
    0x080028b4   0x080028b4   0x000000e6   Code   RO          970    .text.HAL_TIM_PWM_Init  stm32f1xx_hal_tim.o
    0x0800299a   0x0800299a   0x00000002   PAD
    0x0800299c   0x0800299c   0x00000030   Code   RO          259    .text.HAL_TIM_PWM_MspInit  tim.o
    0x080029cc   0x080029cc   0x00000002   Code   RO         1056    .text.HAL_TIM_PWM_PulseFinishedCallback  stm32f1xx_hal_tim.o
    0x080029ce   0x080029ce   0x00000002   PAD
    0x080029d0   0x080029d0   0x000000b8   Code   RO          978    .text.HAL_TIM_PWM_Start  stm32f1xx_hal_tim.o
    0x08002a88   0x08002a88   0x00000002   Code   RO         1058    .text.HAL_TIM_PeriodElapsedCallback  stm32f1xx_hal_tim.o
    0x08002a8a   0x08002a8a   0x00000002   PAD
    0x08002a8c   0x08002a8c   0x00000016   Code   RO         1106    .text.HAL_TIM_ReadCapturedValue  stm32f1xx_hal_tim.o
    0x08002aa2   0x08002aa2   0x00000002   PAD
    0x08002aa4   0x08002aa4   0x00000002   Code   RO         1060    .text.HAL_TIM_TriggerCallback  stm32f1xx_hal_tim.o
    0x08002aa6   0x08002aa6   0x00000002   PAD
    0x08002aa8   0x08002aa8   0x00000002   Code   RO         1319    .text.HAL_UARTEx_RxEventCallback  stm32f1xx_hal_uart.o
    0x08002aaa   0x08002aaa   0x00000002   PAD
    0x08002aac   0x08002aac   0x0000001e   Code   RO          113    .text.HAL_UART_ErrorCallback  main.o
    0x08002aca   0x08002aca   0x00000002   PAD
    0x08002acc   0x08002acc   0x00000302   Code   RO         1311    .text.HAL_UART_IRQHandler  stm32f1xx_hal_uart.o
    0x08002dce   0x08002dce   0x00000002   PAD
    0x08002dd0   0x08002dd0   0x000000e0   Code   RO         1235    .text.HAL_UART_Init  stm32f1xx_hal_uart.o
    0x08002eb0   0x08002eb0   0x0000009c   Code   RO          280    .text.HAL_UART_MspInit  usart.o
    0x08002f4c   0x08002f4c   0x00000002   Code   RO         1325    .text.HAL_UART_RxCpltCallback  stm32f1xx_hal_uart.o
    0x08002f4e   0x08002f4e   0x00000002   PAD
    0x08002f50   0x08002f50   0x0000001e   Code   RO          111    .text.HAL_UART_TxCpltCallback  main.o
    0x08002f6e   0x08002f6e   0x00000002   PAD
    0x08002f70   0x08002f70   0x0000001e   Code   RO           11    .text.HCSR04_Init   hcsr04.o
    0x08002f8e   0x08002f8e   0x00000002   PAD
    0x08002f90   0x08002f90   0x00000022   Code   RO           17    .text.HCSR04_ReadDistanceCm  hcsr04.o
    0x08002fb2   0x08002fb2   0x00000002   PAD
    0x08002fb4   0x08002fb4   0x00000064   Code   RO           15    .text.HCSR04_TIM_IC_Callback  hcsr04.o
    0x08003018   0x08003018   0x00000072   Code   RO           13    .text.HCSR04_Trigger  hcsr04.o
    0x0800308a   0x0800308a   0x00000002   PAD
    0x0800308c   0x0800308c   0x00000002   Code   RO          295    .text.HardFault_Handler  stm32f1xx_it.o
    0x0800308e   0x0800308e   0x00000002   PAD
    0x08003090   0x08003090   0x0000000c   Code   RO          317    .text.I2C1_ER_IRQHandler  stm32f1xx_it.o
    0x0800309c   0x0800309c   0x0000000c   Code   RO          315    .text.I2C1_EV_IRQHandler  stm32f1xx_it.o
    0x080030a8   0x080030a8   0x000000e4   Code   RO          852    .text.I2C_DMAAbort  stm32f1xx_hal_i2c.o
    0x0800318c   0x0800318c   0x0000015a   Code   RO          864    .text.I2C_ITError   stm32f1xx_hal_i2c.o
    0x080032e6   0x080032e6   0x00000002   PAD
    0x080032e8   0x080032e8   0x000000f2   Code   RO          876    .text.I2C_MasterReceive_BTF  stm32f1xx_hal_i2c.o
    0x080033da   0x080033da   0x00000002   PAD
    0x080033dc   0x080033dc   0x0000010e   Code   RO          874    .text.I2C_MasterReceive_RXNE  stm32f1xx_hal_i2c.o
    0x080034ea   0x080034ea   0x00000002   PAD
    0x080034ec   0x080034ec   0x00000080   Code   RO          870    .text.I2C_MasterTransmit_BTF  stm32f1xx_hal_i2c.o
    0x0800356c   0x0800356c   0x000000b0   Code   RO          868    .text.I2C_MasterTransmit_TXE  stm32f1xx_hal_i2c.o
    0x0800361c   0x0800361c   0x000000ac   Code   RO          872    .text.I2C_MemoryTransmit_TXE_BTF  stm32f1xx_hal_i2c.o
    0x080036c8   0x080036c8   0x00000498   Code   RO          129    .text.Line5_Task    main.o
    0x08003b60   0x08003b60   0x00000034   Code   RO          227    .text.MX_DMA_Init   dma.o
    0x08003b94   0x08003b94   0x000000a8   Code   RO          202    .text.MX_GPIO_Init  gpio.o
    0x08003c3c   0x08003c3c   0x00000042   Code   RO          236    .text.MX_I2C1_Init  i2c.o
    0x08003c7e   0x08003c7e   0x00000002   PAD
    0x08003c80   0x08003c80   0x0000014e   Code   RO          251    .text.MX_TIM1_Init  tim.o
    0x08003dce   0x08003dce   0x00000002   PAD
    0x08003dd0   0x08003dd0   0x00000148   Code   RO          255    .text.MX_TIM2_Init  tim.o
    0x08003f18   0x08003f18   0x000000ba   Code   RO          257    .text.MX_TIM3_Init  tim.o
    0x08003fd2   0x08003fd2   0x00000002   PAD
    0x08003fd4   0x08003fd4   0x0000003c   Code   RO          278    .text.MX_USART1_UART_Init  usart.o
    0x08004010   0x08004010   0x00000002   Code   RO          297    .text.MemManage_Handler  stm32f1xx_it.o
    0x08004012   0x08004012   0x00000002   PAD
    0x08004014   0x08004014   0x000000ea   Code   RO          125    .text.Motor_Left_SetPercent  main.o
    0x080040fe   0x080040fe   0x00000002   PAD
    0x08004100   0x08004100   0x000000ea   Code   RO          123    .text.Motor_Right_SetPercent  main.o
    0x080041ea   0x080041ea   0x00000002   PAD
    0x080041ec   0x080041ec   0x00000002   Code   RO          293    .text.NMI_Handler   stm32f1xx_it.o
    0x080041ee   0x080041ee   0x00000002   PAD
    0x080041f0   0x080041f0   0x00000002   Code   RO          307    .text.PendSV_Handler  stm32f1xx_it.o
    0x080041f2   0x080041f2   0x00000002   PAD
    0x080041f4   0x080041f4   0x00000268   Code   RO          133    .text.Robot_HandleUnknownObject  main.o
    0x0800445c   0x0800445c   0x00000002   Code   RO          303    .text.SVC_Handler   stm32f1xx_it.o
    0x0800445e   0x0800445e   0x00000002   PAD
    0x08004460   0x08004460   0x0000004a   Code   RO           71    .text.ServoNB_Init  servo_nb.o
    0x080044aa   0x080044aa   0x00000002   PAD
    0x080044ac   0x080044ac   0x0000000c   Code   RO           91    .text.ServoNB_IsMoving  servo_nb.o
    0x080044b8   0x080044b8   0x0000006e   Code   RO           83    .text.ServoNB_MoveToAngle  servo_nb.o
    0x08004526   0x08004526   0x00000002   PAD
    0x08004528   0x08004528   0x0000005c   Code   RO           73    .text.ServoNB_Start  servo_nb.o
    0x08004584   0x08004584   0x00000096   Code   RO           89    .text.ServoNB_Task  servo_nb.o
    0x0800461a   0x0800461a   0x00000002   PAD
    0x0800461c   0x0800461c   0x00000092   Code   RO           79    .text.ServoNB_WriteAngle  servo_nb.o
    0x080046ae   0x080046ae   0x00000002   PAD
    0x080046b0   0x080046b0   0x00000004   Code   RO          309    .text.SysTick_Handler  stm32f1xx_it.o
    0x080046b4   0x080046b4   0x00000002   Code   RO         1355    .text.SystemInit    system_stm32f1xx.o
    0x080046b6   0x080046b6   0x00000002   PAD
    0x080046b8   0x080046b8   0x0000000c   Code   RO           35    .text.TCS34725_GetCurrentColor  tcs34725.o
    0x080046c4   0x080046c4   0x00000010   Code   RO           37    .text.TCS34725_GetLastRaw  tcs34725.o
    0x080046d4   0x080046d4   0x0000001e   Code   RO           33    .text.TCS34725_GetStatus  tcs34725.o
    0x080046f2   0x080046f2   0x00000002   PAD
    0x080046f4   0x080046f4   0x0000002e   Code   RO           49    .text.TCS34725_I2C_AbortCpltCallback  tcs34725.o
    0x08004722   0x08004722   0x00000002   PAD
    0x08004724   0x08004724   0x0000002e   Code   RO           47    .text.TCS34725_I2C_ErrorCallback  tcs34725.o
    0x08004752   0x08004752   0x00000002   PAD
    0x08004754   0x08004754   0x00000036   Code   RO           45    .text.TCS34725_I2C_MemRxCpltCallback  tcs34725.o
    0x0800478a   0x0800478a   0x00000002   PAD
    0x0800478c   0x0800478c   0x00000036   Code   RO           43    .text.TCS34725_I2C_MemTxCpltCallback  tcs34725.o
    0x080047c2   0x080047c2   0x00000002   PAD
    0x080047c4   0x080047c4   0x00000062   Code   RO           29    .text.TCS34725_Init  tcs34725.o
    0x08004826   0x08004826   0x00000002   PAD
    0x08004828   0x08004828   0x0000059e   Code   RO           31    .text.TCS34725_Task  tcs34725.o
    0x08004dc6   0x08004dc6   0x00000002   PAD
    0x08004dc8   0x08004dc8   0x0000000c   Code   RO          313    .text.TIM3_IRQHandler  stm32f1xx_it.o
    0x08004dd4   0x08004dd4   0x0000000c   Code   RO         1315    .text.UART_DMAAbortOnError  stm32f1xx_hal_uart.o
    0x08004de0   0x08004de0   0x000000c0   Code   RO         1313    .text.UART_Receive_IT  stm32f1xx_hal_uart.o
    0x08004ea0   0x08004ea0   0x0000000c   Code   RO          319    .text.USART1_IRQHandler  stm32f1xx_it.o
    0x08004eac   0x08004eac   0x00000002   Code   RO          301    .text.UsageFault_Handler  stm32f1xx_it.o
    0x08004eae   0x08004eae   0x00000002   PAD
    0x08004eb0   0x08004eb0   0x0000117c   Code   RO          103    .text.main          main.o
    0x0800602c   0x0800602c   0x00000010   Data   RO          193    .rodata..Lswitch.table.ColorStable_Task.1  main.o
    0x0800603c   0x0800603c   0x00000010   Data   RO         1360    .rodata.AHBPrescTable  system_stm32f1xx.o
    0x0800604c   0x0800604c   0x00000008   Data   RO         1361    .rodata.APBPrescTable  system_stm32f1xx.o
    0x08006054   0x08006054   0x00000002   Data   RO          538    .rodata.HAL_RCC_GetSysClockFreq.aPredivFactorTable  stm32f1xx_hal_rcc.o
    0x08006056   0x08006056   0x00000010   Data   RO          537    .rodata.cst16       stm32f1xx_hal_rcc.o
    0x08006066   0x08006066   0x00000002   PAD
    0x08006068   0x08006068   0x00000030   Data   RO         1136    .rodata.cst16       stm32f1xx_hal_tim.o
    0x08006098   0x08006098   0x00000020   Data   RO         1558    Region$$Table       anon$$obj.o


    Execution Region RW_IRAM1 (Exec base: 0x20000000, Load base: 0x080060b8, Size: 0x00000928, Max: 0x00005000, ABSOLUTE)

    Exec Addr    Load Addr    Size         Type   Attr      Idx    E Section Name        Object

    0x20000000   0x080060b8   0x00000004   Data   RW         1359    .data.SystemCoreClock  system_stm32f1xx.o
    0x20000004   0x080060bc   0x00000001   Data   RW          182    .data.avoid_return_state  main.o
    0x20000005   0x080060bd   0x00000001   PAD
    0x20000006   0x080060be   0x00000002   Data   RW          142    .data.dbg_line5_speed_cmd  main.o
    0x20000008   0x080060c0   0x00000002   Data   RW          181    .data.line5_speed_cmd  main.o
    0x2000000a   0x080060c2   0x00000001   Data   RW          499    .data.uwTickFreq    stm32f1xx_hal.o
    0x2000000b   0x080060c3   0x00000001   PAD
    0x2000000c   0x080060c4   0x00000004   Data   RW          498    .data.uwTickPrio    stm32f1xx_hal.o
    0x20000010        -       0x00000060   Zero   RW         1423    .bss                c_w.l(libspace.o)
    0x20000070        -       0x00000004   Zero   RW          183    .bss.action_start_tick  main.o
    0x20000074        -       0x00000004   Zero   RW          186    .bss.color_last_sample_tick  main.o
    0x20000078        -       0x00000004   Zero   RW          185    .bss.color_last_valid_tick  main.o
    0x2000007c        -       0x00000001   Zero   RW          187    .bss.color_sample_count  main.o
    0x2000007d        -       0x00000001   Zero   RW          190    .bss.color_vote_blue  main.o
    0x2000007e        -       0x00000001   Zero   RW          189    .bss.color_vote_green  main.o
    0x2000007f        -       0x00000001   Zero   RW          188    .bss.color_vote_red  main.o
    0x20000080        -       0x00000001   Zero   RW          191    .bss.color_vote_yellow  main.o
    0x20000081        -       0x00000001   Zero   RW           55    .bss.current_color  tcs34725.o
    0x20000082        -       0x00000001   Zero   RW          163    .bss.dbg_avoid_return_state  main.o
    0x20000083        -       0x00000001   Zero   RW          156    .bss.dbg_color_sample_count  main.o
    0x20000084        -       0x00000001   Zero   RW          159    .bss.dbg_color_vote_blue  main.o
    0x20000085        -       0x00000001   Zero   RW          158    .bss.dbg_color_vote_green  main.o
    0x20000086        -       0x00000001   Zero   RW          157    .bss.dbg_color_vote_red  main.o
    0x20000087        -       0x00000001   Zero   RW          160    .bss.dbg_color_vote_yellow  main.o
    0x20000088        -       0x00000004   Zero   RW          147    .bss.dbg_distance_age_ms  main.o
    0x2000008c        -       0x00000004   Zero   RW          146    .bss.dbg_distance_cm  main.o
    0x20000090        -       0x00000001   Zero   RW          148    .bss.dbg_distance_fresh  main.o
    0x20000091   0x080060c8   0x00000001   PAD
    0x20000092        -       0x00000002   Zero   RW          164    .bss.dbg_finish_marker_count  main.o
    0x20000094        -       0x00000001   Zero   RW          161    .bss.dbg_has_target_color  main.o
    0x20000095        -       0x00000001   Zero   RW          145    .bss.dbg_line5_center_lost  main.o
    0x20000096        -       0x00000002   Zero   RW          138    .bss.dbg_line5_correction  main.o
    0x20000098        -       0x00000002   Zero   RW          137    .bss.dbg_line5_error  main.o
    0x2000009a        -       0x00000001   Zero   RW          143    .bss.dbg_line5_last_mask  main.o
    0x2000009b   0x080060c8   0x00000001   PAD
    0x2000009c        -       0x00000002   Zero   RW          140    .bss.dbg_line5_lost_count  main.o
    0x2000009e        -       0x00000001   Zero   RW          136    .bss.dbg_line5_mask  main.o
    0x2000009f        -       0x00000001   Zero   RW          144    .bss.dbg_line5_recovery_dir  main.o
    0x200000a0        -       0x00000001   Zero   RW          139    .bss.dbg_line5_remember  main.o
    0x200000a1        -       0x00000001   Zero   RW          141    .bss.dbg_line5_search_phase  main.o
    0x200000a2        -       0x00000001   Zero   RW          155    .bss.dbg_robot_state  main.o
    0x200000a3        -       0x00000001   Zero   RW          162    .bss.dbg_target_color  main.o
    0x200000a4        -       0x00000002   Zero   RW          154    .bss.dbg_tcs_b      main.o
    0x200000a6        -       0x00000002   Zero   RW          151    .bss.dbg_tcs_c      main.o
    0x200000a8        -       0x00000001   Zero   RW          150    .bss.dbg_tcs_color  main.o
    0x200000a9   0x080060c8   0x00000001   PAD
    0x200000aa        -       0x00000002   Zero   RW          153    .bss.dbg_tcs_g      main.o
    0x200000ac        -       0x00000002   Zero   RW          152    .bss.dbg_tcs_r      main.o
    0x200000ae        -       0x00000001   Zero   RW          149    .bss.dbg_tcs_status  main.o
    0x200000af   0x080060c8   0x00000001   PAD
    0x200000b0        -       0x00000004   Zero   RW          135    .bss.distance_cm    main.o
    0x200000b4        -       0x00000004   Zero   RW          174    .bss.distance_last_valid_tick  main.o
    0x200000b8        -       0x00000002   Zero   RW          184    .bss.finish_marker_count  main.o
    0x200000ba        -       0x00000001   Zero   RW          166    .bss.has_target_color  main.o
    0x200000bb   0x080060c8   0x00000001   PAD
    0x200000bc        -       0x00000020   Zero   RW          169    .bss.hcsr04         main.o
    0x200000dc        -       0x00000044   Zero   RW          218    .bss.hdma_adc1      adc.o
    0x20000120        -       0x00000054   Zero   RW          242    .bss.hi2c1          i2c.o
    0x20000174        -       0x00000048   Zero   RW          267    .bss.htim1          tim.o
    0x200001bc        -       0x00000048   Zero   RW          268    .bss.htim2          tim.o
    0x20000204        -       0x00000048   Zero   RW          269    .bss.htim3          tim.o
    0x2000024c        -       0x00000048   Zero   RW          284    .bss.huart1         usart.o
    0x20000294        -       0x00000001   Zero   RW           51    .bss.i2c_busy       tcs34725.o
    0x20000295        -       0x00000001   Zero   RW           52    .bss.i2c_done       tcs34725.o
    0x20000296        -       0x00000001   Zero   RW           53    .bss.i2c_error      tcs34725.o
    0x20000297        -       0x00000008   Zero   RW           59    .bss.i2c_rx_buf     tcs34725.o
    0x2000029f   0x080060c8   0x00000001   PAD
    0x200002a0        -       0x00000004   Zero   RW           61    .bss.i2c_start_tick  tcs34725.o
    0x200002a4        -       0x00000001   Zero   RW           62    .bss.i2c_tx_byte    tcs34725.o
    0x200002a5   0x080060c8   0x00000003   PAD
    0x200002a8        -       0x00000004   Zero   RW          173    .bss.last_hcsr04_tick  main.o
    0x200002ac   0x080060c8   0x00000004   PAD
    0x200002b0        -       0x00000008   Zero   RW           54    .bss.last_raw       tcs34725.o
    0x200002b8        -       0x00000004   Zero   RW           57    .bss.last_read_tick  tcs34725.o
    0x200002bc        -       0x00000001   Zero   RW          179    .bss.line5_center_lost_recovery  main.o
    0x200002bd   0x080060c8   0x00000001   PAD
    0x200002be        -       0x00000002   Zero   RW          175    .bss.line5_last_error  main.o
    0x200002c0        -       0x00000001   Zero   RW          177    .bss.line5_last_mask  main.o
    0x200002c1   0x080060c8   0x00000001   PAD
    0x200002c2        -       0x00000002   Zero   RW          180    .bss.line5_lost_count  main.o
    0x200002c4        -       0x00000001   Zero   RW          178    .bss.line5_recovery_dir  main.o
    0x200002c5        -       0x00000001   Zero   RW          176    .bss.line5_remember  main.o
    0x200002c6   0x080060c8   0x00000002   PAD
    0x200002c8        -       0x00000004   Zero   RW          167    .bss.obstacle_ignore_until  main.o
    0x200002cc        -       0x00000001   Zero   RW          168    .bss.robotState     main.o
    0x200002cd   0x080060c8   0x00000003   PAD
    0x200002d0        -       0x00000024   Zero   RW          171    .bss.servo1         main.o
    0x200002f4        -       0x00000024   Zero   RW          172    .bss.servo2         main.o
    0x20000318        -       0x00000004   Zero   RW           56    .bss.state_tick     tcs34725.o
    0x2000031c        -       0x00000001   Zero   RW          165    .bss.target_color   main.o
    0x2000031d        -       0x00000001   Zero   RW           58    .bss.tcs_state      tcs34725.o
    0x2000031e        -       0x00000001   Zero   RW          170    .bss.uart1_tx_busy  main.o
    0x2000031f   0x080060c8   0x00000001   PAD
    0x20000320        -       0x00000004   Zero   RW          500    .bss.uwTick         stm32f1xx_hal.o
    0x20000324   0x080060c8   0x00000004   PAD
    0x20000328        -       0x00000200   Zero   RW            2    HEAP                startup_stm32f103xb.o
    0x20000528        -       0x00000400   Zero   RW            1    STACK               startup_stm32f103xb.o


==============================================================================

Image component sizes


      Code (inc. data)   RO Data    RW Data    ZI Data      Debug   Object Name

         0          0          0          0         68       4249   adc.o
        52          0          0          0          0       2199   dma.o
       168          0          0          0          0       1585   gpio.o
       278          0          0          0          0       5553   hcsr04.o
       226          0          0          0         84       5942   i2c.o
      7618         42         16          5        193      29362   main.o
       584          0          0          0          0      10893   servo_nb.o
        64         26        236          0       1536        816   startup_stm32f103xb.o
       196          0          0          5          4       5778   stm32f1xx_hal.o
       196          0          0          0          0       8437   stm32f1xx_hal_cortex.o
       608          0          0          0          0       7742   stm32f1xx_hal_dma.o
       534         20          0          0          0       4755   stm32f1xx_hal_gpio.o
      4252         16          0          0          0      47824   stm32f1xx_hal_i2c.o
        80          0          0          0          0       2400   stm32f1xx_hal_msp.o
      1334          0         18          0          0       7720   stm32f1xx_hal_rcc.o
       254          0          0          0          0       3624   stm32f1xx_hal_rcc_ex.o
      2810          8         48          0          0      57819   stm32f1xx_hal_tim.o
       202          0          0          0          0      21632   stm32f1xx_hal_tim_ex.o
      1202          0          0          0          0      28084   stm32f1xx_hal_uart.o
        80          0          0          0          0       7277   stm32f1xx_it.o
         2          0         24          4          0       1603   system_stm32f1xx.o
      1794         32          0          0         34       9369   tcs34725.o
      1080          0          0          0        216       9627   tim.o
       216          0          0          0         72       5774   usart.o

    ----------------------------------------------------------------------
     23984        144        376         16       2232     290064   Object Totals
         0          0         32          0          0          0   (incl. Generated)
       154          0          2          2         25          0   (incl. Padding)

    ----------------------------------------------------------------------

      Code (inc. data)   RO Data    RW Data    ZI Data      Debug   Library Member Name

         8          0          0          0          0         68   __main.o
         0          0          0          0          0          0   __rtentry.o
        12          0          0          0          0          0   __rtentry2.o
         6          0          0          0          0          0   __rtentry4.o
        94          8          0          0          0          0   __scatter.o
        26          0          0          0          0          0   __scatter_copy.o
        28          0          0          0          0          0   __scatter_zi.o
        18          0          0          0          0         80   exit.o
         6          0          0          0          0        152   heapauxi.o
         0          0          0          0          0          0   indicate_semi.o
         2          0          0          0          0          0   libinit.o
         2          0          0          0          0          0   libinit2.o
         2          0          0          0          0          0   libshutdown.o
         2          0          0          0          0          0   libshutdown2.o
         8          4          0          0         96         68   libspace.o
        78          0          0          0          0         80   rt_memclr_w.o
         2          0          0          0          0          0   rtexit.o
        10          0          0          0          0          0   rtexit2.o
        12          4          0          0          0         68   sys_exit.o
        74          0          0          0          0         80   sys_stackheap_outer.o
         2          0          0          0          0         68   use_no_semi.o

    ----------------------------------------------------------------------
       400         16          0          0         96        664   Library Totals
         8          0          0          0          0          0   (incl. Padding)

    ----------------------------------------------------------------------

      Code (inc. data)   RO Data    RW Data    ZI Data      Debug   Library Name

       392         16          0          0         96        664   c_w.l

    ----------------------------------------------------------------------
       400         16          0          0         96        664   Library Totals

    ----------------------------------------------------------------------

==============================================================================


      Code (inc. data)   RO Data    RW Data    ZI Data      Debug   

     24384        160        376         16       2328     290216   Grand Totals
     24384        160        376         16       2328     290216   ELF Image Totals
     24384        160        376         16          0          0   ROM Totals

==============================================================================

    Total RO  Size (Code + RO Data)                24760 (  24.18kB)
    Total RW  Size (RW Data + ZI Data)              2344 (   2.29kB)
    Total ROM Size (Code + RO Data + RW Data)      24776 (  24.20kB)

==============================================================================

